INFO:     Started server process [49704]
INFO:     Waiting for application startup.
2026-05-13 20:48:59,218 INFO apscheduler.scheduler: Adding job tentatively -- it will be properly scheduled when the scheduler starts
2026-05-13 20:48:59,220 INFO apscheduler.scheduler: Added job "_run_batch" to job store "default"
2026-05-13 20:48:59,223 INFO apscheduler.scheduler: Scheduler started
INFO:     Application startup complete.
INFO:     Uvicorn running on http://127.0.0.1:8000 (Press CTRL+C to quit)
2026-05-13 20:49:14,639 INFO httpx: HTTP Request: GET https://www.hankyung.com/feed/society "HTTP/1.1 200 OK"
2026-05-13 20:49:14,653 INFO newspick_ai.graph.collector: RSS 수집 [이슈][한국경제] 5건
2026-05-13 20:49:14,959 INFO httpx: HTTP Request: GET https://www.mk.co.kr/rss/50400012/ "HTTP/1.1 200 OK"
2026-05-13 20:49:14,973 INFO newspick_ai.graph.collector: RSS 수집 [이슈][매일경제] 5건
2026-05-13 20:49:15,383 INFO httpx: HTTP Request: GET https://nwww.newsis.com/RSS/society.xml "HTTP/1.1 200 OK"
2026-05-13 20:49:15,457 INFO newspick_ai.graph.collector: RSS 수집 [이슈][뉴시스] 5건
2026-05-13 20:49:20,825 INFO httpx: HTTP Request: GET https://www.mk.co.kr/news/society/12046580 "HTTP/1.1 200 OK"
2026-05-13 20:49:20,847 INFO httpx: HTTP Request: GET https://www.mk.co.kr/news/society/12046521 "HTTP/1.1 200 OK"
2026-05-13 20:49:20,850 INFO httpx: HTTP Request: GET https://www.mk.co.kr/news/business/12046570 "HTTP/1.1 200 OK"
2026-05-13 20:49:20,852 INFO httpx: HTTP Request: GET https://www.mk.co.kr/news/society/12046639 "HTTP/1.1 200 OK"
2026-05-13 20:49:20,909 INFO httpx: HTTP Request: GET https://www.mk.co.kr/news/society/12046601 "HTTP/1.1 200 OK"
2026-05-13 20:49:20,911 INFO httpx: HTTP Request: GET https://www.hankyung.com/article/2026051347177 "HTTP/1.1 200 OK"
2026-05-13 20:49:21,020 INFO httpx: HTTP Request: GET https://www.hankyung.com/article/2026051347947 "HTTP/1.1 200 OK"
2026-05-13 20:49:21,059 INFO httpx: HTTP Request: GET https://www.hankyung.com/article/2026051345581 "HTTP/1.1 200 OK"
2026-05-13 20:49:21,061 INFO httpx: HTTP Request: GET https://www.hankyung.com/article/2026051347097 "HTTP/1.1 200 OK"
2026-05-13 20:49:21,072 INFO httpx: HTTP Request: GET https://www.hankyung.com/article/2026051344757 "HTTP/1.1 200 OK"
2026-05-13 20:49:21,161 INFO httpx: HTTP Request: GET https://www.newsis.com/view/NISX20260513_0003628444 "HTTP/1.1 200 OK"
2026-05-13 20:49:21,181 INFO httpx: HTTP Request: GET https://www.newsis.com/view/NISX20260513_0003628456 "HTTP/1.1 200 OK"
2026-05-13 20:49:21,181 INFO httpx: HTTP Request: GET https://www.newsis.com/view/NISX20260513_0003628438 "HTTP/1.1 200 OK"
2026-05-13 20:49:21,182 INFO httpx: HTTP Request: GET https://www.newsis.com/view/NISX20260513_0003628458 "HTTP/1.1 200 OK"
2026-05-13 20:49:21,182 INFO httpx: HTTP Request: GET https://www.newsis.com/view/NISX20260513_0003628451 "HTTP/1.1 200 OK"
2026-05-13 20:49:25,580 INFO httpx: HTTP Request: POST https://api.upstage.ai/v1/solar/chat/completions "HTTP/1.1 200 OK"
2026-05-13 20:49:28,121 INFO httpx: HTTP Request: POST https://api.upstage.ai/v1/solar/chat/completions "HTTP/1.1 200 OK"
2026-05-13 20:49:30,667 INFO httpx: HTTP Request: POST https://api.upstage.ai/v1/solar/chat/completions "HTTP/1.1 200 OK"
2026-05-13 20:49:33,596 INFO httpx: HTTP Request: POST https://api.upstage.ai/v1/solar/chat/completions "HTTP/1.1 200 OK"
2026-05-13 20:49:35,662 INFO httpx: HTTP Request: POST https://api.upstage.ai/v1/solar/chat/completions "HTTP/1.1 200 OK"
2026-05-13 20:49:38,304 INFO httpx: HTTP Request: POST https://api.upstage.ai/v1/solar/chat/completions "HTTP/1.1 200 OK"
2026-05-13 20:49:40,445 INFO httpx: HTTP Request: POST https://api.upstage.ai/v1/solar/chat/completions "HTTP/1.1 200 OK"
2026-05-13 20:49:42,386 INFO httpx: HTTP Request: POST https://api.upstage.ai/v1/solar/chat/completions "HTTP/1.1 200 OK"
2026-05-13 20:49:44,409 INFO httpx: HTTP Request: POST https://api.upstage.ai/v1/solar/chat/completions "HTTP/1.1 200 OK"
2026-05-13 20:49:46,830 INFO httpx: HTTP Request: POST https://api.upstage.ai/v1/solar/chat/completions "HTTP/1.1 200 OK"
2026-05-13 20:49:49,238 INFO httpx: HTTP Request: POST https://api.upstage.ai/v1/solar/chat/completions "HTTP/1.1 200 OK"
2026-05-13 20:49:51,894 INFO httpx: HTTP Request: POST https://api.upstage.ai/v1/solar/chat/completions "HTTP/1.1 200 OK"
2026-05-13 20:49:54,376 INFO httpx: HTTP Request: POST https://api.upstage.ai/v1/solar/chat/completions "HTTP/1.1 200 OK"
2026-05-13 20:49:56,839 INFO httpx: HTTP Request: POST https://api.upstage.ai/v1/solar/chat/completions "HTTP/1.1 200 OK"
2026-05-13 20:49:59,397 INFO httpx: HTTP Request: POST https://api.upstage.ai/v1/solar/chat/completions "HTTP/1.1 200 OK"
2026-05-13 20:50:01,006 INFO httpx: HTTP Request: POST https://api.upstage.ai/v1/solar/embeddings "HTTP/1.1 200 OK"
2026-05-13 20:50:01,122 INFO httpx: HTTP Request: POST https://api.upstage.ai/v1/solar/embeddings "HTTP/1.1 200 OK"
2026-05-13 20:50:01,203 INFO httpx: HTTP Request: POST https://api.upstage.ai/v1/solar/embeddings "HTTP/1.1 200 OK"
2026-05-13 20:50:01,335 INFO httpx: HTTP Request: POST https://api.upstage.ai/v1/solar/embeddings "HTTP/1.1 200 OK"
2026-05-13 20:50:01,471 INFO httpx: HTTP Request: POST https://api.upstage.ai/v1/solar/embeddings "HTTP/1.1 200 OK"
2026-05-13 20:50:01,588 INFO httpx: HTTP Request: POST https://api.upstage.ai/v1/solar/embeddings "HTTP/1.1 200 OK"
2026-05-13 20:50:01,711 INFO httpx: HTTP Request: POST https://api.upstage.ai/v1/solar/embeddings "HTTP/1.1 200 OK"
2026-05-13 20:50:01,828 INFO httpx: HTTP Request: POST https://api.upstage.ai/v1/solar/embeddings "HTTP/1.1 200 OK"
2026-05-13 20:50:01,958 INFO httpx: HTTP Request: POST https://api.upstage.ai/v1/solar/embeddings "HTTP/1.1 200 OK"
2026-05-13 20:50:02,069 INFO httpx: HTTP Request: POST https://api.upstage.ai/v1/solar/embeddings "HTTP/1.1 200 OK"
2026-05-13 20:50:02,177 INFO httpx: HTTP Request: POST https://api.upstage.ai/v1/solar/embeddings "HTTP/1.1 200 OK"
2026-05-13 20:50:02,298 INFO httpx: HTTP Request: POST https://api.upstage.ai/v1/solar/embeddings "HTTP/1.1 200 OK"
2026-05-13 20:50:02,417 INFO httpx: HTTP Request: POST https://api.upstage.ai/v1/solar/embeddings "HTTP/1.1 200 OK"
2026-05-13 20:50:02,528 INFO httpx: HTTP Request: POST https://api.upstage.ai/v1/solar/embeddings "HTTP/1.1 200 OK"
2026-05-13 20:50:02,662 INFO httpx: HTTP Request: POST https://api.upstage.ai/v1/solar/embeddings "HTTP/1.1 200 OK"
2026-05-13 20:50:04,758 INFO httpx: HTTP Request: POST https://api.upstage.ai/v1/solar/chat/completions "HTTP/1.1 200 OK"
2026-05-13 20:50:06,618 INFO httpx: HTTP Request: POST https://api.upstage.ai/v1/solar/chat/completions "HTTP/1.1 200 OK"
2026-05-13 20:50:08,452 INFO httpx: HTTP Request: POST https://api.upstage.ai/v1/solar/chat/completions "HTTP/1.1 200 OK"
2026-05-13 20:50:10,344 INFO httpx: HTTP Request: POST https://api.upstage.ai/v1/solar/chat/completions "HTTP/1.1 200 OK"
2026-05-13 20:50:12,387 INFO httpx: HTTP Request: POST https://api.upstage.ai/v1/solar/chat/completions "HTTP/1.1 200 OK"
2026-05-13 20:50:14,285 INFO httpx: HTTP Request: POST https://api.upstage.ai/v1/solar/chat/completions "HTTP/1.1 200 OK"
2026-05-13 20:50:16,207 INFO httpx: HTTP Request: POST https://api.upstage.ai/v1/solar/chat/completions "HTTP/1.1 200 OK"
2026-05-13 20:50:17,711 INFO httpx: HTTP Request: POST https://api.upstage.ai/v1/solar/chat/completions "HTTP/1.1 200 OK"
2026-05-13 20:50:19,481 INFO httpx: HTTP Request: POST https://api.upstage.ai/v1/solar/chat/completions "HTTP/1.1 200 OK"
2026-05-13 20:50:21,459 INFO httpx: HTTP Request: POST https://api.upstage.ai/v1/solar/chat/completions "HTTP/1.1 200 OK"
2026-05-13 20:50:23,418 INFO httpx: HTTP Request: POST https://api.upstage.ai/v1/solar/chat/completions "HTTP/1.1 200 OK"
2026-05-13 20:50:24,931 INFO httpx: HTTP Request: POST https://api.upstage.ai/v1/solar/chat/completions "HTTP/1.1 200 OK"
2026-05-13 20:50:26,354 INFO httpx: HTTP Request: POST https://api.upstage.ai/v1/solar/chat/completions "HTTP/1.1 200 OK"
2026-05-13 20:50:28,009 INFO httpx: HTTP Request: POST https://api.upstage.ai/v1/solar/chat/completions "HTTP/1.1 200 OK"
2026-05-13 20:50:29,673 INFO httpx: HTTP Request: POST https://api.upstage.ai/v1/solar/chat/completions "HTTP/1.1 200 OK"
2026-05-13 20:50:32,103 INFO httpx: HTTP Request: POST https://api.upstage.ai/v1/solar/chat/completions "HTTP/1.1 200 OK"
2026-05-13 20:50:34,687 INFO httpx: HTTP Request: POST https://api.upstage.ai/v1/solar/chat/completions "HTTP/1.1 200 OK"
2026-05-13 20:55:18,720 INFO httpx: HTTP Request: GET https://www.hankyung.com/feed/it "HTTP/1.1 200 OK"
2026-05-13 20:55:18,731 INFO newspick_ai.graph.collector: RSS 수집 [테크][한국경제] 5건
2026-05-13 20:55:19,134 INFO httpx: HTTP Request: GET http://rss.etnews.com/03.xml "HTTP/1.1 301 Moved Permanently"
2026-05-13 20:55:19,160 INFO httpx: HTTP Request: GET https://rss.etnews.com/03.xml "HTTP/1.1 200 OK"
2026-05-13 20:55:19,180 INFO newspick_ai.graph.collector: RSS 수집 [테크][전자신문] 5건
2026-05-13 20:55:19,575 INFO httpx: HTTP Request: GET https://nwww.newsis.com/RSS/health.xml "HTTP/1.1 200 OK"
2026-05-13 20:55:19,670 INFO newspick_ai.graph.collector: RSS 수집 [테크][뉴시스] 5건
2026-05-13 20:55:19,985 INFO httpx: HTTP Request: GET https://www.hankyung.com/feed/economy "HTTP/1.1 200 OK"
2026-05-13 20:55:19,994 INFO newspick_ai.graph.collector: RSS 수집 [경제][한국경제] 5건
2026-05-13 20:55:20,302 INFO httpx: HTTP Request: GET https://www.mk.co.kr/rss/30100041/ "HTTP/1.1 200 OK"
2026-05-13 20:55:20,319 INFO newspick_ai.graph.collector: RSS 수집 [경제][매일경제] 5건
2026-05-13 20:55:20,700 INFO httpx: HTTP Request: GET https://nwww.newsis.com/RSS/economy.xml "HTTP/1.1 200 OK"
2026-05-13 20:55:20,763 INFO newspick_ai.graph.collector: RSS 수집 [경제][뉴시스] 5건
2026-05-13 20:55:21,110 INFO httpx: HTTP Request: GET https://www.hankyung.com/feed/politics "HTTP/1.1 200 OK"
2026-05-13 20:55:21,118 INFO newspick_ai.graph.collector: RSS 수집 [정책][한국경제] 5건
2026-05-13 20:55:21,422 INFO httpx: HTTP Request: GET https://www.mk.co.kr/rss/30200030/ "HTTP/1.1 200 OK"
2026-05-13 20:55:21,439 INFO newspick_ai.graph.collector: RSS 수집 [정책][매일경제] 5건
2026-05-13 20:55:21,726 INFO httpx: HTTP Request: GET https://nwww.newsis.com/RSS/politics.xml "HTTP/1.1 200 OK"
2026-05-13 20:55:21,803 INFO newspick_ai.graph.collector: RSS 수집 [정책][뉴시스] 5건
2026-05-13 20:55:22,147 INFO httpx: HTTP Request: GET https://www.hankyung.com/feed/society "HTTP/1.1 200 OK"
2026-05-13 20:55:22,154 INFO newspick_ai.graph.collector: RSS 수집 [이슈][한국경제] 5건
2026-05-13 20:55:22,492 INFO httpx: HTTP Request: GET https://www.mk.co.kr/rss/50400012/ "HTTP/1.1 200 OK"
2026-05-13 20:55:22,508 INFO newspick_ai.graph.collector: RSS 수집 [이슈][매일경제] 5건
2026-05-13 20:55:22,826 INFO httpx: HTTP Request: GET https://nwww.newsis.com/RSS/society.xml "HTTP/1.1 200 OK"
2026-05-13 20:55:22,899 INFO newspick_ai.graph.collector: RSS 수집 [이슈][뉴시스] 5건
2026-05-13 20:55:28,962 INFO httpx: HTTP Request: GET https://www.etnews.com/20260513000271 "HTTP/1.1 200 OK"
2026-05-13 20:55:28,963 INFO httpx: HTTP Request: GET https://www.etnews.com/20260513000287 "HTTP/1.1 200 OK"
2026-05-13 20:55:28,964 INFO httpx: HTTP Request: GET https://www.etnews.com/20260513000277 "HTTP/1.1 200 OK"
2026-05-13 20:55:28,964 INFO httpx: HTTP Request: GET https://www.etnews.com/20260513000381 "HTTP/1.1 200 OK"
2026-05-13 20:55:28,966 INFO httpx: HTTP Request: GET https://www.etnews.com/20260513000307 "HTTP/1.1 200 OK"
2026-05-13 20:55:29,296 INFO httpx: HTTP Request: GET https://www.newsis.com/view/NISX20260513_0003628355 "HTTP/1.1 200 OK"
2026-05-13 20:55:29,297 INFO httpx: HTTP Request: GET https://www.newsis.com/view/NISX20260513_0003627047 "HTTP/1.1 200 OK"
2026-05-13 20:55:29,297 INFO httpx: HTTP Request: GET https://www.newsis.com/view/NISX20260513_0003628396 "HTTP/1.1 200 OK"
2026-05-13 20:55:29,298 INFO httpx: HTTP Request: GET https://www.newsis.com/view/NISX20260513_0003628402 "HTTP/1.1 200 OK"
2026-05-13 20:55:29,299 INFO httpx: HTTP Request: GET https://www.hankyung.com/article/202605134793i "HTTP/1.1 200 OK"
2026-05-13 20:55:29,299 INFO httpx: HTTP Request: GET https://www.hankyung.com/article/202605134632g "HTTP/1.1 200 OK"
2026-05-13 20:55:29,300 INFO httpx: HTTP Request: GET https://www.newsis.com/view/NISX20260512_0003625680 "HTTP/1.1 200 OK"
2026-05-13 20:55:29,300 INFO httpx: HTTP Request: GET https://www.hankyung.com/article/202605134729i "HTTP/1.1 200 OK"
2026-05-13 20:55:29,301 INFO httpx: HTTP Request: GET https://www.hankyung.com/article/2026051346221 "HTTP/1.1 200 OK"
2026-05-13 20:55:29,301 INFO httpx: HTTP Request: GET https://www.hankyung.com/article/2026051345251 "HTTP/1.1 200 OK"
2026-05-13 20:55:29,301 INFO httpx: HTTP Request: GET https://www.hankyung.com/article/202605134763i "HTTP/1.1 200 OK"
2026-05-13 20:55:29,302 INFO httpx: HTTP Request: GET https://www.hankyung.com/article/2026051344771 "HTTP/1.1 200 OK"
2026-05-13 20:55:29,302 INFO httpx: HTTP Request: GET https://www.hankyung.com/article/2026051344711 "HTTP/1.1 200 OK"
2026-05-13 20:55:29,303 INFO httpx: HTTP Request: GET https://www.hankyung.com/article/202605134299g "HTTP/1.1 200 OK"
2026-05-13 20:55:30,606 INFO httpx: HTTP Request: GET https://www.hankyung.com/article/202605133939g "HTTP/1.1 200 OK"
2026-05-13 20:55:35,031 INFO httpx: HTTP Request: GET https://www.mk.co.kr/news/economy/12046604 "HTTP/1.1 200 OK"
2026-05-13 20:55:35,363 INFO httpx: HTTP Request: GET https://www.mk.co.kr/news/economy/12046602 "HTTP/1.1 200 OK"
2026-05-13 20:55:35,366 INFO httpx: HTTP Request: GET https://www.mk.co.kr/news/politics/12045068 "HTTP/1.1 200 OK"
2026-05-13 20:55:35,369 INFO httpx: HTTP Request: GET https://www.mk.co.kr/news/economy/12046503 "HTTP/1.1 200 OK"
2026-05-13 20:55:35,373 INFO httpx: HTTP Request: GET https://www.mk.co.kr/news/economy/12046502 "HTTP/1.1 200 OK"
2026-05-13 20:55:35,375 INFO httpx: HTTP Request: GET https://www.mk.co.kr/news/politics/12042467 "HTTP/1.1 200 OK"
2026-05-13 20:55:35,378 INFO httpx: HTTP Request: GET https://www.mk.co.kr/news/politics/12045082 "HTTP/1.1 200 OK"
2026-05-13 20:55:35,381 INFO httpx: HTTP Request: GET https://www.mk.co.kr/news/politics/12045904 "HTTP/1.1 200 OK"
2026-05-13 20:55:35,383 INFO httpx: HTTP Request: GET https://www.mk.co.kr/news/politics/12046206 "HTTP/1.1 200 OK"
2026-05-13 20:55:35,386 INFO httpx: HTTP Request: GET https://www.hankyung.com/article/2026051345211 "HTTP/1.1 200 OK"
2026-05-13 20:55:35,387 INFO httpx: HTTP Request: GET https://www.mk.co.kr/news/economy/12046511 "HTTP/1.1 200 OK"
2026-05-13 20:55:35,390 INFO httpx: HTTP Request: GET https://www.hankyung.com/article/2026051345801 "HTTP/1.1 200 OK"
2026-05-13 20:55:35,390 INFO httpx: HTTP Request: GET https://www.hankyung.com/article/2026051345841 "HTTP/1.1 200 OK"
2026-05-13 20:55:35,391 INFO httpx: HTTP Request: GET https://www.hankyung.com/article/2026051345851 "HTTP/1.1 200 OK"
2026-05-13 20:55:35,391 INFO httpx: HTTP Request: GET https://www.hankyung.com/article/2026051345791 "HTTP/1.1 200 OK"
2026-05-13 20:55:39,741 INFO httpx: HTTP Request: GET https://www.newsis.com/view/NISX20260513_0003628225 "HTTP/1.1 200 OK"
2026-05-13 20:55:39,741 INFO httpx: HTTP Request: GET https://www.newsis.com/view/NISX20260513_0003628465 "HTTP/1.1 200 OK"
2026-05-13 20:55:39,743 INFO httpx: HTTP Request: GET https://www.newsis.com/view/NISX20260513_0003628397 "HTTP/1.1 200 OK"
2026-05-13 20:55:39,743 INFO httpx: HTTP Request: GET https://www.newsis.com/view/NISX20260513_0003628431 "HTTP/1.1 200 OK"
2026-05-13 20:55:39,744 INFO httpx: HTTP Request: GET https://www.newsis.com/view/NISX20260513_0003628462 "HTTP/1.1 200 OK"
2026-05-13 20:55:41,298 INFO httpx: HTTP Request: GET https://www.mk.co.kr/news/society/12046521 "HTTP/1.1 200 OK"
2026-05-13 20:55:41,319 INFO httpx: HTTP Request: GET https://www.mk.co.kr/news/society/12046639 "HTTP/1.1 200 OK"
2026-05-13 20:55:41,338 INFO httpx: HTTP Request: GET https://www.mk.co.kr/news/society/12046580 "HTTP/1.1 200 OK"
2026-05-13 20:55:41,340 INFO httpx: HTTP Request: GET https://www.mk.co.kr/news/society/12046601 "HTTP/1.1 200 OK"
2026-05-13 20:55:41,407 INFO httpx: HTTP Request: GET https://www.newsis.com/view/NISX20260513_0003628395 "HTTP/1.1 200 OK"
2026-05-13 20:55:41,429 INFO httpx: HTTP Request: GET https://www.mk.co.kr/news/business/12046570 "HTTP/1.1 200 OK"
2026-05-13 20:55:41,433 INFO httpx: HTTP Request: GET https://www.newsis.com/view/NISX20260513_0003628422 "HTTP/1.1 200 OK"
2026-05-13 20:55:41,451 INFO httpx: HTTP Request: GET https://www.newsis.com/view/NISX20260513_0003628456 "HTTP/1.1 200 OK"
2026-05-13 20:55:41,452 INFO httpx: HTTP Request: GET https://www.newsis.com/view/NISX20260513_0003628458 "HTTP/1.1 200 OK"
2026-05-13 20:55:41,479 INFO httpx: HTTP Request: GET https://www.newsis.com/view/NISX20260513_0003628446 "HTTP/1.1 200 OK"
2026-05-13 20:55:41,480 INFO httpx: HTTP Request: GET https://www.newsis.com/view/NISX20260513_0003628451 "HTTP/1.1 200 OK"
2026-05-13 20:55:41,483 INFO httpx: HTTP Request: GET https://www.newsis.com/view/NISX20260513_0003628438 "HTTP/1.1 200 OK"
2026-05-13 20:55:41,484 INFO httpx: HTTP Request: GET https://www.newsis.com/view/NISX20260513_0003628380 "HTTP/1.1 200 OK"
2026-05-13 20:55:41,531 INFO httpx: HTTP Request: GET https://www.newsis.com/view/NISX20260513_0003628449 "HTTP/1.1 200 OK"
2026-05-13 20:55:41,532 INFO httpx: HTTP Request: GET https://www.hankyung.com/article/2026051347177 "HTTP/1.1 200 OK"
2026-05-13 20:55:41,533 INFO httpx: HTTP Request: GET https://www.newsis.com/view/NISX20260513_0003628444 "HTTP/1.1 200 OK"
2026-05-13 20:55:41,533 INFO httpx: HTTP Request: GET https://www.hankyung.com/article/2026051345581 "HTTP/1.1 200 OK"
2026-05-13 20:55:41,534 INFO httpx: HTTP Request: GET https://www.hankyung.com/article/2026051347947 "HTTP/1.1 200 OK"
2026-05-13 20:55:41,540 INFO httpx: HTTP Request: GET https://www.hankyung.com/article/2026051347987 "HTTP/1.1 200 OK"
2026-05-13 20:55:41,540 INFO httpx: HTTP Request: GET https://www.hankyung.com/article/2026051347097 "HTTP/1.1 200 OK"
2026-05-13 20:55:43,671 INFO httpx: HTTP Request: POST https://api.upstage.ai/v1/solar/chat/completions "HTTP/1.1 200 OK"
2026-05-13 20:55:45,481 INFO httpx: HTTP Request: POST https://api.upstage.ai/v1/solar/chat/completions "HTTP/1.1 200 OK"
2026-05-13 20:55:47,903 INFO httpx: HTTP Request: POST https://api.upstage.ai/v1/solar/chat/completions "HTTP/1.1 200 OK"
2026-05-13 20:55:50,278 INFO httpx: HTTP Request: POST https://api.upstage.ai/v1/solar/chat/completions "HTTP/1.1 200 OK"
2026-05-13 20:55:52,759 INFO httpx: HTTP Request: POST https://api.upstage.ai/v1/solar/chat/completions "HTTP/1.1 200 OK"
2026-05-13 20:55:55,353 INFO httpx: HTTP Request: POST https://api.upstage.ai/v1/solar/chat/completions "HTTP/1.1 200 OK"
2026-05-13 20:55:57,406 INFO httpx: HTTP Request: POST https://api.upstage.ai/v1/solar/chat/completions "HTTP/1.1 200 OK"
2026-05-13 20:55:59,702 INFO httpx: HTTP Request: POST https://api.upstage.ai/v1/solar/chat/completions "HTTP/1.1 200 OK"
2026-05-13 20:56:02,301 INFO httpx: HTTP Request: POST https://api.upstage.ai/v1/solar/chat/completions "HTTP/1.1 200 OK"
2026-05-13 20:56:04,430 INFO httpx: HTTP Request: POST https://api.upstage.ai/v1/solar/chat/completions "HTTP/1.1 200 OK"
2026-05-13 20:56:06,632 INFO httpx: HTTP Request: POST https://api.upstage.ai/v1/solar/chat/completions "HTTP/1.1 200 OK"
2026-05-13 20:56:09,099 INFO httpx: HTTP Request: POST https://api.upstage.ai/v1/solar/chat/completions "HTTP/1.1 200 OK"
2026-05-13 20:56:11,602 INFO httpx: HTTP Request: POST https://api.upstage.ai/v1/solar/chat/completions "HTTP/1.1 200 OK"
2026-05-13 20:56:13,629 INFO httpx: HTTP Request: POST https://api.upstage.ai/v1/solar/chat/completions "HTTP/1.1 200 OK"
2026-05-13 20:56:16,004 INFO httpx: HTTP Request: POST https://api.upstage.ai/v1/solar/chat/completions "HTTP/1.1 200 OK"
2026-05-13 20:56:18,430 INFO httpx: HTTP Request: POST https://api.upstage.ai/v1/solar/chat/completions "HTTP/1.1 200 OK"
2026-05-13 20:56:20,876 INFO httpx: HTTP Request: POST https://api.upstage.ai/v1/solar/chat/completions "HTTP/1.1 200 OK"
2026-05-13 20:56:23,146 INFO httpx: HTTP Request: POST https://api.upstage.ai/v1/solar/chat/completions "HTTP/1.1 200 OK"
2026-05-13 20:56:25,401 INFO httpx: HTTP Request: POST https://api.upstage.ai/v1/solar/chat/completions "HTTP/1.1 200 OK"
2026-05-13 20:56:27,519 INFO httpx: HTTP Request: POST https://api.upstage.ai/v1/solar/chat/completions "HTTP/1.1 200 OK"
2026-05-13 20:56:29,874 INFO httpx: HTTP Request: POST https://api.upstage.ai/v1/solar/chat/completions "HTTP/1.1 200 OK"
2026-05-13 20:56:31,904 INFO httpx: HTTP Request: POST https://api.upstage.ai/v1/solar/chat/completions "HTTP/1.1 200 OK"
2026-05-13 20:56:33,943 INFO httpx: HTTP Request: POST https://api.upstage.ai/v1/solar/chat/completions "HTTP/1.1 200 OK"
2026-05-13 20:56:36,300 INFO httpx: HTTP Request: POST https://api.upstage.ai/v1/solar/chat/completions "HTTP/1.1 200 OK"
2026-05-13 20:56:39,014 INFO httpx: HTTP Request: POST https://api.upstage.ai/v1/solar/chat/completions "HTTP/1.1 200 OK"
2026-05-13 20:56:41,370 INFO httpx: HTTP Request: POST https://api.upstage.ai/v1/solar/chat/completions "HTTP/1.1 200 OK"
2026-05-13 20:56:43,445 INFO httpx: HTTP Request: POST https://api.upstage.ai/v1/solar/chat/completions "HTTP/1.1 200 OK"
2026-05-13 20:56:45,812 INFO httpx: HTTP Request: POST https://api.upstage.ai/v1/solar/chat/completions "HTTP/1.1 200 OK"
2026-05-13 20:56:48,421 INFO httpx: HTTP Request: POST https://api.upstage.ai/v1/solar/chat/completions "HTTP/1.1 200 OK"
2026-05-13 20:56:50,426 INFO httpx: HTTP Request: POST https://api.upstage.ai/v1/solar/chat/completions "HTTP/1.1 200 OK"
2026-05-13 20:56:52,894 INFO httpx: HTTP Request: POST https://api.upstage.ai/v1/solar/chat/completions "HTTP/1.1 200 OK"
2026-05-13 20:56:54,958 INFO httpx: HTTP Request: POST https://api.upstage.ai/v1/solar/chat/completions "HTTP/1.1 200 OK"
2026-05-13 20:56:57,253 INFO httpx: HTTP Request: POST https://api.upstage.ai/v1/solar/chat/completions "HTTP/1.1 200 OK"
2026-05-13 20:56:59,734 INFO httpx: HTTP Request: POST https://api.upstage.ai/v1/solar/chat/completions "HTTP/1.1 200 OK"
2026-05-13 20:57:01,656 INFO httpx: HTTP Request: POST https://api.upstage.ai/v1/solar/chat/completions "HTTP/1.1 200 OK"
2026-05-13 20:57:04,033 INFO httpx: HTTP Request: POST https://api.upstage.ai/v1/solar/chat/completions "HTTP/1.1 200 OK"
2026-05-13 20:57:06,414 INFO httpx: HTTP Request: POST https://api.upstage.ai/v1/solar/chat/completions "HTTP/1.1 200 OK"
2026-05-13 20:57:08,755 INFO httpx: HTTP Request: POST https://api.upstage.ai/v1/solar/chat/completions "HTTP/1.1 200 OK"
2026-05-13 20:57:10,761 INFO httpx: HTTP Request: POST https://api.upstage.ai/v1/solar/chat/completions "HTTP/1.1 200 OK"
2026-05-13 20:57:13,221 INFO httpx: HTTP Request: POST https://api.upstage.ai/v1/solar/chat/completions "HTTP/1.1 200 OK"
2026-05-13 20:57:15,310 INFO httpx: HTTP Request: POST https://api.upstage.ai/v1/solar/chat/completions "HTTP/1.1 200 OK"
2026-05-13 20:57:17,441 INFO httpx: HTTP Request: POST https://api.upstage.ai/v1/solar/chat/completions "HTTP/1.1 200 OK"
2026-05-13 20:57:19,512 INFO httpx: HTTP Request: POST https://api.upstage.ai/v1/solar/chat/completions "HTTP/1.1 200 OK"
2026-05-13 20:57:21,998 INFO httpx: HTTP Request: POST https://api.upstage.ai/v1/solar/chat/completions "HTTP/1.1 200 OK"
2026-05-13 20:57:24,420 INFO httpx: HTTP Request: POST https://api.upstage.ai/v1/solar/chat/completions "HTTP/1.1 200 OK"
2026-05-13 20:57:26,712 INFO httpx: HTTP Request: POST https://api.upstage.ai/v1/solar/chat/completions "HTTP/1.1 200 OK"
2026-05-13 20:57:29,085 INFO httpx: HTTP Request: POST https://api.upstage.ai/v1/solar/chat/completions "HTTP/1.1 200 OK"
2026-05-13 20:57:31,563 INFO httpx: HTTP Request: POST https://api.upstage.ai/v1/solar/chat/completions "HTTP/1.1 200 OK"
2026-05-13 20:57:34,291 INFO httpx: HTTP Request: POST https://api.upstage.ai/v1/solar/chat/completions "HTTP/1.1 200 OK"
2026-05-13 20:57:36,668 INFO httpx: HTTP Request: POST https://api.upstage.ai/v1/solar/chat/completions "HTTP/1.1 200 OK"
2026-05-13 20:57:39,025 INFO httpx: HTTP Request: POST https://api.upstage.ai/v1/solar/chat/completions "HTTP/1.1 200 OK"
2026-05-13 20:57:41,186 INFO httpx: HTTP Request: POST https://api.upstage.ai/v1/solar/chat/completions "HTTP/1.1 200 OK"
2026-05-13 20:57:43,467 INFO httpx: HTTP Request: POST https://api.upstage.ai/v1/solar/chat/completions "HTTP/1.1 200 OK"
2026-05-13 20:57:45,434 INFO httpx: HTTP Request: POST https://api.upstage.ai/v1/solar/chat/completions "HTTP/1.1 200 OK"
2026-05-13 20:57:47,792 INFO httpx: HTTP Request: POST https://api.upstage.ai/v1/solar/chat/completions "HTTP/1.1 200 OK"
2026-05-13 20:57:50,324 INFO httpx: HTTP Request: POST https://api.upstage.ai/v1/solar/chat/completions "HTTP/1.1 200 OK"
2026-05-13 20:57:52,760 INFO httpx: HTTP Request: POST https://api.upstage.ai/v1/solar/chat/completions "HTTP/1.1 200 OK"
2026-05-13 20:57:54,994 INFO httpx: HTTP Request: POST https://api.upstage.ai/v1/solar/chat/completions "HTTP/1.1 200 OK"
2026-05-13 20:57:56,899 INFO httpx: HTTP Request: POST https://api.upstage.ai/v1/solar/chat/completions "HTTP/1.1 200 OK"
2026-05-13 20:57:58,000 INFO httpx: HTTP Request: POST https://api.upstage.ai/v1/solar/embeddings "HTTP/1.1 200 OK"
2026-05-13 20:57:58,104 INFO httpx: HTTP Request: POST https://api.upstage.ai/v1/solar/embeddings "HTTP/1.1 200 OK"
2026-05-13 20:57:58,192 INFO httpx: HTTP Request: POST https://api.upstage.ai/v1/solar/embeddings "HTTP/1.1 200 OK"
2026-05-13 20:57:58,360 INFO httpx: HTTP Request: POST https://api.upstage.ai/v1/solar/embeddings "HTTP/1.1 200 OK"
2026-05-13 20:57:58,477 INFO httpx: HTTP Request: POST https://api.upstage.ai/v1/solar/embeddings "HTTP/1.1 200 OK"
2026-05-13 20:57:58,607 INFO httpx: HTTP Request: POST https://api.upstage.ai/v1/solar/embeddings "HTTP/1.1 200 OK"
2026-05-13 20:57:58,738 INFO httpx: HTTP Request: POST https://api.upstage.ai/v1/solar/embeddings "HTTP/1.1 200 OK"
2026-05-13 20:57:58,876 INFO httpx: HTTP Request: POST https://api.upstage.ai/v1/solar/embeddings "HTTP/1.1 200 OK"
2026-05-13 20:57:59,009 INFO httpx: HTTP Request: POST https://api.upstage.ai/v1/solar/embeddings "HTTP/1.1 200 OK"
2026-05-13 20:57:59,126 INFO httpx: HTTP Request: POST https://api.upstage.ai/v1/solar/embeddings "HTTP/1.1 200 OK"
2026-05-13 20:57:59,264 INFO httpx: HTTP Request: POST https://api.upstage.ai/v1/solar/embeddings "HTTP/1.1 200 OK"
2026-05-13 20:57:59,398 INFO httpx: HTTP Request: POST https://api.upstage.ai/v1/solar/embeddings "HTTP/1.1 200 OK"
2026-05-13 20:57:59,534 INFO httpx: HTTP Request: POST https://api.upstage.ai/v1/solar/embeddings "HTTP/1.1 200 OK"
2026-05-13 20:57:59,657 INFO httpx: HTTP Request: POST https://api.upstage.ai/v1/solar/embeddings "HTTP/1.1 200 OK"
2026-05-13 20:57:59,799 INFO httpx: HTTP Request: POST https://api.upstage.ai/v1/solar/embeddings "HTTP/1.1 200 OK"
2026-05-13 20:57:59,932 INFO httpx: HTTP Request: POST https://api.upstage.ai/v1/solar/embeddings "HTTP/1.1 200 OK"
2026-05-13 20:58:00,059 INFO httpx: HTTP Request: POST https://api.upstage.ai/v1/solar/embeddings "HTTP/1.1 200 OK"
2026-05-13 20:58:00,191 INFO httpx: HTTP Request: POST https://api.upstage.ai/v1/solar/embeddings "HTTP/1.1 200 OK"
2026-05-13 20:58:00,324 INFO httpx: HTTP Request: POST https://api.upstage.ai/v1/solar/embeddings "HTTP/1.1 200 OK"
2026-05-13 20:58:00,445 INFO httpx: HTTP Request: POST https://api.upstage.ai/v1/solar/embeddings "HTTP/1.1 200 OK"
2026-05-13 20:58:00,563 INFO httpx: HTTP Request: POST https://api.upstage.ai/v1/solar/embeddings "HTTP/1.1 200 OK"
2026-05-13 20:58:00,674 INFO httpx: HTTP Request: POST https://api.upstage.ai/v1/solar/embeddings "HTTP/1.1 200 OK"
2026-05-13 20:58:00,797 INFO httpx: HTTP Request: POST https://api.upstage.ai/v1/solar/embeddings "HTTP/1.1 200 OK"
2026-05-13 20:58:00,914 INFO httpx: HTTP Request: POST https://api.upstage.ai/v1/solar/embeddings "HTTP/1.1 200 OK"
2026-05-13 20:58:01,032 INFO httpx: HTTP Request: POST https://api.upstage.ai/v1/solar/embeddings "HTTP/1.1 200 OK"
2026-05-13 20:58:01,172 INFO httpx: HTTP Request: POST https://api.upstage.ai/v1/solar/embeddings "HTTP/1.1 200 OK"
2026-05-13 20:58:01,317 INFO httpx: HTTP Request: POST https://api.upstage.ai/v1/solar/embeddings "HTTP/1.1 200 OK"
2026-05-13 20:58:01,444 INFO httpx: HTTP Request: POST https://api.upstage.ai/v1/solar/embeddings "HTTP/1.1 200 OK"
2026-05-13 20:58:01,566 INFO httpx: HTTP Request: POST https://api.upstage.ai/v1/solar/embeddings "HTTP/1.1 200 OK"
2026-05-13 20:58:01,697 INFO httpx: HTTP Request: POST https://api.upstage.ai/v1/solar/embeddings "HTTP/1.1 200 OK"
2026-05-13 20:58:01,836 INFO httpx: HTTP Request: POST https://api.upstage.ai/v1/solar/embeddings "HTTP/1.1 200 OK"
2026-05-13 20:58:01,956 INFO httpx: HTTP Request: POST https://api.upstage.ai/v1/solar/embeddings "HTTP/1.1 200 OK"
2026-05-13 20:58:02,074 INFO httpx: HTTP Request: POST https://api.upstage.ai/v1/solar/embeddings "HTTP/1.1 200 OK"
2026-05-13 20:58:02,213 INFO httpx: HTTP Request: POST https://api.upstage.ai/v1/solar/embeddings "HTTP/1.1 200 OK"
2026-05-13 20:58:02,327 INFO httpx: HTTP Request: POST https://api.upstage.ai/v1/solar/embeddings "HTTP/1.1 200 OK"
2026-05-13 20:58:02,442 INFO httpx: HTTP Request: POST https://api.upstage.ai/v1/solar/embeddings "HTTP/1.1 200 OK"
2026-05-13 20:58:02,551 INFO httpx: HTTP Request: POST https://api.upstage.ai/v1/solar/embeddings "HTTP/1.1 200 OK"
2026-05-13 20:58:02,669 INFO httpx: HTTP Request: POST https://api.upstage.ai/v1/solar/embeddings "HTTP/1.1 200 OK"
2026-05-13 20:58:02,786 INFO httpx: HTTP Request: POST https://api.upstage.ai/v1/solar/embeddings "HTTP/1.1 200 OK"
2026-05-13 20:58:02,923 INFO httpx: HTTP Request: POST https://api.upstage.ai/v1/solar/embeddings "HTTP/1.1 200 OK"
2026-05-13 20:58:03,036 INFO httpx: HTTP Request: POST https://api.upstage.ai/v1/solar/embeddings "HTTP/1.1 200 OK"
2026-05-13 20:58:03,189 INFO httpx: HTTP Request: POST https://api.upstage.ai/v1/solar/embeddings "HTTP/1.1 200 OK"
2026-05-13 20:58:03,314 INFO httpx: HTTP Request: POST https://api.upstage.ai/v1/solar/embeddings "HTTP/1.1 200 OK"
2026-05-13 20:58:03,440 INFO httpx: HTTP Request: POST https://api.upstage.ai/v1/solar/embeddings "HTTP/1.1 200 OK"
2026-05-13 20:58:03,578 INFO httpx: HTTP Request: POST https://api.upstage.ai/v1/solar/embeddings "HTTP/1.1 200 OK"
2026-05-13 20:58:03,712 INFO httpx: HTTP Request: POST https://api.upstage.ai/v1/solar/embeddings "HTTP/1.1 200 OK"
2026-05-13 20:58:04,177 INFO httpx: HTTP Request: POST https://api.upstage.ai/v1/solar/embeddings "HTTP/1.1 200 OK"
2026-05-13 20:58:04,394 INFO httpx: HTTP Request: POST https://api.upstage.ai/v1/solar/embeddings "HTTP/1.1 200 OK"
2026-05-13 20:58:04,526 INFO httpx: HTTP Request: POST https://api.upstage.ai/v1/solar/embeddings "HTTP/1.1 200 OK"
2026-05-13 20:58:04,642 INFO httpx: HTTP Request: POST https://api.upstage.ai/v1/solar/embeddings "HTTP/1.1 200 OK"
2026-05-13 20:58:04,754 INFO httpx: HTTP Request: POST https://api.upstage.ai/v1/solar/embeddings "HTTP/1.1 200 OK"
2026-05-13 20:58:04,862 INFO httpx: HTTP Request: POST https://api.upstage.ai/v1/solar/embeddings "HTTP/1.1 200 OK"
2026-05-13 20:58:04,974 INFO httpx: HTTP Request: POST https://api.upstage.ai/v1/solar/embeddings "HTTP/1.1 200 OK"
2026-05-13 20:58:05,086 INFO httpx: HTTP Request: POST https://api.upstage.ai/v1/solar/embeddings "HTTP/1.1 200 OK"
2026-05-13 20:58:05,202 INFO httpx: HTTP Request: POST https://api.upstage.ai/v1/solar/embeddings "HTTP/1.1 200 OK"
2026-05-13 20:58:05,321 INFO httpx: HTTP Request: POST https://api.upstage.ai/v1/solar/embeddings "HTTP/1.1 200 OK"
2026-05-13 20:58:05,446 INFO httpx: HTTP Request: POST https://api.upstage.ai/v1/solar/embeddings "HTTP/1.1 200 OK"
2026-05-13 20:58:05,570 INFO httpx: HTTP Request: POST https://api.upstage.ai/v1/solar/embeddings "HTTP/1.1 200 OK"
2026-05-13 20:58:05,712 INFO httpx: HTTP Request: POST https://api.upstage.ai/v1/solar/embeddings "HTTP/1.1 200 OK"
2026-05-13 20:58:07,537 INFO httpx: HTTP Request: POST https://api.upstage.ai/v1/solar/chat/completions "HTTP/1.1 200 OK"
2026-05-13 20:58:09,254 INFO httpx: HTTP Request: POST https://api.upstage.ai/v1/solar/chat/completions "HTTP/1.1 200 OK"
2026-05-13 20:58:11,076 INFO httpx: HTTP Request: POST https://api.upstage.ai/v1/solar/chat/completions "HTTP/1.1 200 OK"
2026-05-13 20:58:12,850 INFO httpx: HTTP Request: POST https://api.upstage.ai/v1/solar/chat/completions "HTTP/1.1 200 OK"
2026-05-13 20:58:14,730 INFO httpx: HTTP Request: POST https://api.upstage.ai/v1/solar/chat/completions "HTTP/1.1 200 OK"
2026-05-13 20:58:16,350 INFO httpx: HTTP Request: POST https://api.upstage.ai/v1/solar/chat/completions "HTTP/1.1 200 OK"
2026-05-13 20:58:18,377 INFO httpx: HTTP Request: POST https://api.upstage.ai/v1/solar/chat/completions "HTTP/1.1 200 OK"
2026-05-13 20:58:20,074 INFO httpx: HTTP Request: POST https://api.upstage.ai/v1/solar/chat/completions "HTTP/1.1 200 OK"
2026-05-13 20:58:21,769 INFO httpx: HTTP Request: POST https://api.upstage.ai/v1/solar/chat/completions "HTTP/1.1 200 OK"
2026-05-13 20:58:23,810 INFO httpx: HTTP Request: POST https://api.upstage.ai/v1/solar/chat/completions "HTTP/1.1 200 OK"
2026-05-13 20:58:25,653 INFO httpx: HTTP Request: POST https://api.upstage.ai/v1/solar/chat/completions "HTTP/1.1 200 OK"
2026-05-13 20:58:27,682 INFO httpx: HTTP Request: POST https://api.upstage.ai/v1/solar/chat/completions "HTTP/1.1 200 OK"
2026-05-13 20:58:29,772 INFO httpx: HTTP Request: POST https://api.upstage.ai/v1/solar/chat/completions "HTTP/1.1 200 OK"
2026-05-13 20:58:31,496 INFO httpx: HTTP Request: POST https://api.upstage.ai/v1/solar/chat/completions "HTTP/1.1 200 OK"
2026-05-13 20:58:33,275 INFO httpx: HTTP Request: POST https://api.upstage.ai/v1/solar/chat/completions "HTTP/1.1 200 OK"
2026-05-13 20:58:35,206 INFO httpx: HTTP Request: POST https://api.upstage.ai/v1/solar/chat/completions "HTTP/1.1 200 OK"
2026-05-13 20:58:37,101 INFO httpx: HTTP Request: POST https://api.upstage.ai/v1/solar/chat/completions "HTTP/1.1 200 OK"
2026-05-13 20:58:38,720 INFO httpx: HTTP Request: POST https://api.upstage.ai/v1/solar/chat/completions "HTTP/1.1 200 OK"
2026-05-13 20:58:40,643 INFO httpx: HTTP Request: POST https://api.upstage.ai/v1/solar/chat/completions "HTTP/1.1 200 OK"
2026-05-13 20:58:42,158 INFO httpx: HTTP Request: POST https://api.upstage.ai/v1/solar/chat/completions "HTTP/1.1 200 OK"
2026-05-13 20:58:43,894 INFO httpx: HTTP Request: POST https://api.upstage.ai/v1/solar/chat/completions "HTTP/1.1 200 OK"
2026-05-13 20:58:45,525 INFO httpx: HTTP Request: POST https://api.upstage.ai/v1/solar/chat/completions "HTTP/1.1 200 OK"
2026-05-13 20:58:46,806 INFO httpx: HTTP Request: POST https://api.upstage.ai/v1/solar/chat/completions "HTTP/1.1 200 OK"
2026-05-13 20:58:48,291 INFO httpx: HTTP Request: POST https://api.upstage.ai/v1/solar/chat/completions "HTTP/1.1 200 OK"
2026-05-13 20:58:50,238 INFO httpx: HTTP Request: POST https://api.upstage.ai/v1/solar/chat/completions "HTTP/1.1 200 OK"
2026-05-13 20:58:51,566 INFO httpx: HTTP Request: POST https://api.upstage.ai/v1/solar/chat/completions "HTTP/1.1 200 OK"
2026-05-13 20:58:53,441 INFO httpx: HTTP Request: POST https://api.upstage.ai/v1/solar/chat/completions "HTTP/1.1 200 OK"
2026-05-13 20:58:55,037 INFO httpx: HTTP Request: POST https://api.upstage.ai/v1/solar/chat/completions "HTTP/1.1 200 OK"
2026-05-13 20:58:56,752 INFO httpx: HTTP Request: POST https://api.upstage.ai/v1/solar/chat/completions "HTTP/1.1 200 OK"
2026-05-13 20:58:58,564 INFO httpx: HTTP Request: POST https://api.upstage.ai/v1/solar/chat/completions "HTTP/1.1 200 OK"
2026-05-13 20:59:00,121 INFO httpx: HTTP Request: POST https://api.upstage.ai/v1/solar/chat/completions "HTTP/1.1 200 OK"
2026-05-13 20:59:02,067 INFO httpx: HTTP Request: POST https://api.upstage.ai/v1/solar/chat/completions "HTTP/1.1 200 OK"
2026-05-13 20:59:03,607 INFO httpx: HTTP Request: POST https://api.upstage.ai/v1/solar/chat/completions "HTTP/1.1 200 OK"
2026-05-13 20:59:05,061 INFO httpx: HTTP Request: POST https://api.upstage.ai/v1/solar/chat/completions "HTTP/1.1 200 OK"
2026-05-13 20:59:06,886 INFO httpx: HTTP Request: POST https://api.upstage.ai/v1/solar/chat/completions "HTTP/1.1 200 OK"
2026-05-13 20:59:08,678 INFO httpx: HTTP Request: POST https://api.upstage.ai/v1/solar/chat/completions "HTTP/1.1 200 OK"
2026-05-13 20:59:10,158 INFO httpx: HTTP Request: POST https://api.upstage.ai/v1/solar/chat/completions "HTTP/1.1 200 OK"
2026-05-13 20:59:11,581 INFO httpx: HTTP Request: POST https://api.upstage.ai/v1/solar/chat/completions "HTTP/1.1 200 OK"
2026-05-13 20:59:12,992 INFO httpx: HTTP Request: POST https://api.upstage.ai/v1/solar/chat/completions "HTTP/1.1 200 OK"
2026-05-13 20:59:15,075 INFO httpx: HTTP Request: POST https://api.upstage.ai/v1/solar/chat/completions "HTTP/1.1 200 OK"
2026-05-13 20:59:16,638 INFO httpx: HTTP Request: POST https://api.upstage.ai/v1/solar/chat/completions "HTTP/1.1 200 OK"
2026-05-13 20:59:18,322 INFO httpx: HTTP Request: POST https://api.upstage.ai/v1/solar/chat/completions "HTTP/1.1 200 OK"
2026-05-13 20:59:20,148 INFO httpx: HTTP Request: POST https://api.upstage.ai/v1/solar/chat/completions "HTTP/1.1 200 OK"
2026-05-13 20:59:21,546 INFO httpx: HTTP Request: POST https://api.upstage.ai/v1/solar/chat/completions "HTTP/1.1 200 OK"
2026-05-13 20:59:23,548 INFO httpx: HTTP Request: POST https://api.upstage.ai/v1/solar/chat/completions "HTTP/1.1 200 OK"
2026-05-13 20:59:25,404 INFO httpx: HTTP Request: POST https://api.upstage.ai/v1/solar/chat/completions "HTTP/1.1 200 OK"
2026-05-13 20:59:27,218 INFO httpx: HTTP Request: POST https://api.upstage.ai/v1/solar/chat/completions "HTTP/1.1 200 OK"
2026-05-13 20:59:28,761 INFO httpx: HTTP Request: POST https://api.upstage.ai/v1/solar/chat/completions "HTTP/1.1 200 OK"
2026-05-13 20:59:30,633 INFO httpx: HTTP Request: POST https://api.upstage.ai/v1/solar/chat/completions "HTTP/1.1 200 OK"
2026-05-13 20:59:32,143 INFO httpx: HTTP Request: POST https://api.upstage.ai/v1/solar/chat/completions "HTTP/1.1 200 OK"
2026-05-13 20:59:33,629 INFO httpx: HTTP Request: POST https://api.upstage.ai/v1/solar/chat/completions "HTTP/1.1 200 OK"
2026-05-13 20:59:34,998 INFO httpx: HTTP Request: POST https://api.upstage.ai/v1/solar/chat/completions "HTTP/1.1 200 OK"
2026-05-13 20:59:36,664 INFO httpx: HTTP Request: POST https://api.upstage.ai/v1/solar/chat/completions "HTTP/1.1 200 OK"
2026-05-13 20:59:38,154 INFO httpx: HTTP Request: POST https://api.upstage.ai/v1/solar/chat/completions "HTTP/1.1 200 OK"
2026-05-13 20:59:40,157 INFO httpx: HTTP Request: POST https://api.upstage.ai/v1/solar/chat/completions "HTTP/1.1 200 OK"
2026-05-13 20:59:41,703 INFO httpx: HTTP Request: POST https://api.upstage.ai/v1/solar/chat/completions "HTTP/1.1 200 OK"
2026-05-13 20:59:43,076 INFO httpx: HTTP Request: POST https://api.upstage.ai/v1/solar/chat/completions "HTTP/1.1 200 OK"
2026-05-13 20:59:44,885 INFO httpx: HTTP Request: POST https://api.upstage.ai/v1/solar/chat/completions "HTTP/1.1 200 OK"
2026-05-13 20:59:46,495 INFO httpx: HTTP Request: POST https://api.upstage.ai/v1/solar/chat/completions "HTTP/1.1 200 OK"
2026-05-13 20:59:48,955 INFO httpx: HTTP Request: POST https://api.upstage.ai/v1/solar/chat/completions "HTTP/1.1 200 OK"
2026-05-13 20:59:50,747 INFO httpx: HTTP Request: POST https://api.upstage.ai/v1/solar/chat/completions "HTTP/1.1 200 OK"
2026-05-13 21:04:18,549 INFO httpx: HTTP Request: GET https://www.hankyung.com/feed/society "HTTP/1.1 200 OK"
2026-05-13 21:04:18,559 INFO newspick_ai.graph.collector: RSS 수집 [이슈][한국경제] 5건
2026-05-13 21:04:18,967 INFO httpx: HTTP Request: GET https://www.mk.co.kr/rss/50400012/ "HTTP/1.1 200 OK"
2026-05-13 21:04:18,984 INFO newspick_ai.graph.collector: RSS 수집 [이슈][매일경제] 5건
2026-05-13 21:04:19,416 INFO httpx: HTTP Request: GET https://nwww.newsis.com/RSS/society.xml "HTTP/1.1 200 OK"
2026-05-13 21:04:19,504 INFO newspick_ai.graph.collector: RSS 수집 [이슈][뉴시스] 5건
2026-05-13 21:04:19,941 INFO httpx: HTTP Request: GET https://www.hankyung.com/feed/it "HTTP/1.1 200 OK"
2026-05-13 21:04:19,958 INFO newspick_ai.graph.collector: RSS 수집 [테크][한국경제] 5건
2026-05-13 21:04:20,311 INFO httpx: HTTP Request: GET http://rss.etnews.com/03.xml "HTTP/1.1 301 Moved Permanently"
2026-05-13 21:04:20,346 INFO httpx: HTTP Request: GET https://rss.etnews.com/03.xml "HTTP/1.1 200 OK"
2026-05-13 21:04:20,361 INFO newspick_ai.graph.collector: RSS 수집 [테크][전자신문] 5건
2026-05-13 21:04:20,746 INFO httpx: HTTP Request: GET https://nwww.newsis.com/RSS/health.xml "HTTP/1.1 200 OK"
2026-05-13 21:04:20,855 INFO newspick_ai.graph.collector: RSS 수집 [테크][뉴시스] 5건
2026-05-13 21:04:28,074 INFO httpx: HTTP Request: GET https://www.mk.co.kr/news/society/12046521 "HTTP/1.1 200 OK"
2026-05-13 21:04:28,096 INFO httpx: HTTP Request: GET https://www.mk.co.kr/news/society/12046580 "HTTP/1.1 200 OK"
2026-05-13 21:04:28,485 INFO httpx: HTTP Request: GET https://www.mk.co.kr/news/society/12046639 "HTTP/1.1 200 OK"
2026-05-13 21:04:28,488 INFO httpx: HTTP Request: GET https://www.mk.co.kr/news/business/12046570 "HTTP/1.1 200 OK"
2026-05-13 21:04:28,871 INFO httpx: HTTP Request: GET https://www.mk.co.kr/news/society/12046601 "HTTP/1.1 200 OK"
2026-05-13 21:04:28,875 INFO httpx: HTTP Request: GET https://www.newsis.com/view/NISX20260513_0003628438 "HTTP/1.1 200 OK"
2026-05-13 21:04:28,876 INFO httpx: HTTP Request: GET https://www.newsis.com/view/NISX20260513_0003628444 "HTTP/1.1 200 OK"
2026-05-13 21:04:28,876 INFO httpx: HTTP Request: GET https://www.newsis.com/view/NISX20260513_0003628451 "HTTP/1.1 200 OK"
2026-05-13 21:04:28,877 INFO httpx: HTTP Request: GET https://www.newsis.com/view/NISX20260513_0003628458 "HTTP/1.1 200 OK"
2026-05-13 21:04:28,878 INFO httpx: HTTP Request: GET https://www.newsis.com/view/NISX20260513_0003628456 "HTTP/1.1 200 OK"
2026-05-13 21:04:28,879 INFO httpx: HTTP Request: GET https://www.hankyung.com/article/2026051347947 "HTTP/1.1 200 OK"
2026-05-13 21:04:28,880 INFO httpx: HTTP Request: GET https://www.hankyung.com/article/2026051347177 "HTTP/1.1 200 OK"
2026-05-13 21:04:28,880 INFO httpx: HTTP Request: GET https://www.hankyung.com/article/202605134299g "HTTP/1.1 200 OK"
2026-05-13 21:04:28,881 INFO httpx: HTTP Request: GET https://www.hankyung.com/article/202605134632g "HTTP/1.1 200 OK"
2026-05-13 21:04:28,882 INFO httpx: HTTP Request: GET https://www.hankyung.com/article/2026051344711 "HTTP/1.1 200 OK"
2026-05-13 21:04:28,883 INFO httpx: HTTP Request: GET https://www.hankyung.com/article/2026051346221 "HTTP/1.1 200 OK"
2026-05-13 21:04:28,884 INFO httpx: HTTP Request: GET https://www.hankyung.com/article/2026051345581 "HTTP/1.1 200 OK"
2026-05-13 21:04:28,885 INFO httpx: HTTP Request: GET https://www.hankyung.com/article/2026051344771 "HTTP/1.1 200 OK"
2026-05-13 21:04:28,892 INFO httpx: HTTP Request: GET https://www.hankyung.com/article/2026051347097 "HTTP/1.1 200 OK"
2026-05-13 21:04:28,892 INFO httpx: HTTP Request: GET https://www.hankyung.com/article/2026051347987 "HTTP/1.1 200 OK"
2026-05-13 21:04:32,090 INFO httpx: HTTP Request: GET https://www.etnews.com/20260513000381 "HTTP/1.1 200 OK"
2026-05-13 21:04:32,096 INFO httpx: HTTP Request: GET https://www.etnews.com/20260513000277 "HTTP/1.1 200 OK"
2026-05-13 21:04:32,117 INFO httpx: HTTP Request: GET https://www.etnews.com/20260513000271 "HTTP/1.1 200 OK"
2026-05-13 21:04:32,118 INFO httpx: HTTP Request: GET https://www.etnews.com/20260513000287 "HTTP/1.1 200 OK"
2026-05-13 21:04:32,119 INFO httpx: HTTP Request: GET https://www.etnews.com/20260513000307 "HTTP/1.1 200 OK"
2026-05-13 21:04:32,258 INFO httpx: HTTP Request: GET https://www.newsis.com/view/NISX20260513_0003628402 "HTTP/1.1 200 OK"
2026-05-13 21:04:32,260 INFO httpx: HTTP Request: GET https://www.newsis.com/view/NISX20260513_0003628396 "HTTP/1.1 200 OK"
2026-05-13 21:04:32,267 INFO httpx: HTTP Request: GET https://www.newsis.com/view/NISX20260513_0003628355 "HTTP/1.1 200 OK"
2026-05-13 21:04:32,269 INFO httpx: HTTP Request: GET https://www.newsis.com/view/NISX20260513_0003627047 "HTTP/1.1 200 OK"
2026-05-13 21:04:32,271 INFO httpx: HTTP Request: GET https://www.newsis.com/view/NISX20260512_0003625680 "HTTP/1.1 200 OK"
2026-05-13 21:04:34,869 INFO httpx: HTTP Request: POST https://api.upstage.ai/v1/solar/chat/completions "HTTP/1.1 200 OK"
2026-05-13 21:04:37,406 INFO httpx: HTTP Request: POST https://api.upstage.ai/v1/solar/chat/completions "HTTP/1.1 200 OK"
2026-05-13 21:04:39,813 INFO httpx: HTTP Request: POST https://api.upstage.ai/v1/solar/chat/completions "HTTP/1.1 200 OK"
2026-05-13 21:04:42,208 INFO httpx: HTTP Request: POST https://api.upstage.ai/v1/solar/chat/completions "HTTP/1.1 200 OK"
2026-05-13 21:04:44,921 INFO httpx: HTTP Request: POST https://api.upstage.ai/v1/solar/chat/completions "HTTP/1.1 200 OK"
2026-05-13 21:04:47,354 INFO httpx: HTTP Request: POST https://api.upstage.ai/v1/solar/chat/completions "HTTP/1.1 200 OK"
2026-05-13 21:04:49,489 INFO httpx: HTTP Request: POST https://api.upstage.ai/v1/solar/chat/completions "HTTP/1.1 200 OK"
2026-05-13 21:04:51,614 INFO httpx: HTTP Request: POST https://api.upstage.ai/v1/solar/chat/completions "HTTP/1.1 200 OK"
2026-05-13 21:04:54,129 INFO httpx: HTTP Request: POST https://api.upstage.ai/v1/solar/chat/completions "HTTP/1.1 200 OK"
2026-05-13 21:04:56,152 INFO httpx: HTTP Request: POST https://api.upstage.ai/v1/solar/chat/completions "HTTP/1.1 200 OK"
2026-05-13 21:04:58,510 INFO httpx: HTTP Request: POST https://api.upstage.ai/v1/solar/chat/completions "HTTP/1.1 200 OK"
2026-05-13 21:05:01,302 INFO httpx: HTTP Request: POST https://api.upstage.ai/v1/solar/chat/completions "HTTP/1.1 200 OK"
2026-05-13 21:05:03,706 INFO httpx: HTTP Request: POST https://api.upstage.ai/v1/solar/chat/completions "HTTP/1.1 200 OK"
2026-05-13 21:05:06,379 INFO httpx: HTTP Request: POST https://api.upstage.ai/v1/solar/chat/completions "HTTP/1.1 200 OK"
2026-05-13 21:05:08,666 INFO httpx: HTTP Request: POST https://api.upstage.ai/v1/solar/chat/completions "HTTP/1.1 200 OK"
2026-05-13 21:05:11,386 INFO httpx: HTTP Request: POST https://api.upstage.ai/v1/solar/chat/completions "HTTP/1.1 200 OK"
2026-05-13 21:05:13,611 INFO httpx: HTTP Request: POST https://api.upstage.ai/v1/solar/chat/completions "HTTP/1.1 200 OK"
2026-05-13 21:05:15,539 INFO httpx: HTTP Request: POST https://api.upstage.ai/v1/solar/chat/completions "HTTP/1.1 200 OK"
2026-05-13 21:05:18,197 INFO httpx: HTTP Request: POST https://api.upstage.ai/v1/solar/chat/completions "HTTP/1.1 200 OK"
2026-05-13 21:05:20,332 INFO httpx: HTTP Request: POST https://api.upstage.ai/v1/solar/chat/completions "HTTP/1.1 200 OK"
2026-05-13 21:05:22,704 INFO httpx: HTTP Request: POST https://api.upstage.ai/v1/solar/chat/completions "HTTP/1.1 200 OK"
2026-05-13 21:05:25,199 INFO httpx: HTTP Request: POST https://api.upstage.ai/v1/solar/chat/completions "HTTP/1.1 200 OK"
2026-05-13 21:05:27,614 INFO httpx: HTTP Request: POST https://api.upstage.ai/v1/solar/chat/completions "HTTP/1.1 200 OK"
2026-05-13 21:05:30,216 INFO httpx: HTTP Request: POST https://api.upstage.ai/v1/solar/chat/completions "HTTP/1.1 200 OK"
2026-05-13 21:05:32,412 INFO httpx: HTTP Request: POST https://api.upstage.ai/v1/solar/chat/completions "HTTP/1.1 200 OK"
2026-05-13 21:05:34,727 INFO httpx: HTTP Request: POST https://api.upstage.ai/v1/solar/chat/completions "HTTP/1.1 200 OK"
2026-05-13 21:05:37,071 INFO httpx: HTTP Request: POST https://api.upstage.ai/v1/solar/chat/completions "HTTP/1.1 200 OK"
2026-05-13 21:05:39,756 INFO httpx: HTTP Request: POST https://api.upstage.ai/v1/solar/chat/completions "HTTP/1.1 200 OK"
2026-05-13 21:05:41,697 INFO httpx: HTTP Request: POST https://api.upstage.ai/v1/solar/chat/completions "HTTP/1.1 200 OK"
2026-05-13 21:05:43,720 INFO httpx: HTTP Request: POST https://api.upstage.ai/v1/solar/chat/completions "HTTP/1.1 200 OK"
2026-05-13 21:05:44,899 INFO httpx: HTTP Request: POST https://api.upstage.ai/v1/solar/embeddings "HTTP/1.1 200 OK"
2026-05-13 21:05:45,017 INFO httpx: HTTP Request: POST https://api.upstage.ai/v1/solar/embeddings "HTTP/1.1 200 OK"
2026-05-13 21:05:45,108 INFO httpx: HTTP Request: POST https://api.upstage.ai/v1/solar/embeddings "HTTP/1.1 200 OK"
2026-05-13 21:05:45,237 INFO httpx: HTTP Request: POST https://api.upstage.ai/v1/solar/embeddings "HTTP/1.1 200 OK"
2026-05-13 21:05:45,382 INFO httpx: HTTP Request: POST https://api.upstage.ai/v1/solar/embeddings "HTTP/1.1 200 OK"
2026-05-13 21:05:45,496 INFO httpx: HTTP Request: POST https://api.upstage.ai/v1/solar/embeddings "HTTP/1.1 200 OK"
2026-05-13 21:05:45,606 INFO httpx: HTTP Request: POST https://api.upstage.ai/v1/solar/embeddings "HTTP/1.1 200 OK"
2026-05-13 21:05:45,719 INFO httpx: HTTP Request: POST https://api.upstage.ai/v1/solar/embeddings "HTTP/1.1 200 OK"
2026-05-13 21:05:45,837 INFO httpx: HTTP Request: POST https://api.upstage.ai/v1/solar/embeddings "HTTP/1.1 200 OK"
2026-05-13 21:05:45,959 INFO httpx: HTTP Request: POST https://api.upstage.ai/v1/solar/embeddings "HTTP/1.1 200 OK"
2026-05-13 21:05:46,078 INFO httpx: HTTP Request: POST https://api.upstage.ai/v1/solar/embeddings "HTTP/1.1 200 OK"
2026-05-13 21:05:46,210 INFO httpx: HTTP Request: POST https://api.upstage.ai/v1/solar/embeddings "HTTP/1.1 200 OK"
2026-05-13 21:05:46,333 INFO httpx: HTTP Request: POST https://api.upstage.ai/v1/solar/embeddings "HTTP/1.1 200 OK"
2026-05-13 21:05:46,448 INFO httpx: HTTP Request: POST https://api.upstage.ai/v1/solar/embeddings "HTTP/1.1 200 OK"
2026-05-13 21:05:46,589 INFO httpx: HTTP Request: POST https://api.upstage.ai/v1/solar/embeddings "HTTP/1.1 200 OK"
2026-05-13 21:05:46,727 INFO httpx: HTTP Request: POST https://api.upstage.ai/v1/solar/embeddings "HTTP/1.1 200 OK"
2026-05-13 21:05:46,853 INFO httpx: HTTP Request: POST https://api.upstage.ai/v1/solar/embeddings "HTTP/1.1 200 OK"
2026-05-13 21:05:46,984 INFO httpx: HTTP Request: POST https://api.upstage.ai/v1/solar/embeddings "HTTP/1.1 200 OK"
2026-05-13 21:05:47,113 INFO httpx: HTTP Request: POST https://api.upstage.ai/v1/solar/embeddings "HTTP/1.1 200 OK"
2026-05-13 21:05:47,237 INFO httpx: HTTP Request: POST https://api.upstage.ai/v1/solar/embeddings "HTTP/1.1 200 OK"
2026-05-13 21:05:47,357 INFO httpx: HTTP Request: POST https://api.upstage.ai/v1/solar/embeddings "HTTP/1.1 200 OK"
2026-05-13 21:05:47,502 INFO httpx: HTTP Request: POST https://api.upstage.ai/v1/solar/embeddings "HTTP/1.1 200 OK"
2026-05-13 21:05:47,635 INFO httpx: HTTP Request: POST https://api.upstage.ai/v1/solar/embeddings "HTTP/1.1 200 OK"
2026-05-13 21:05:47,768 INFO httpx: HTTP Request: POST https://api.upstage.ai/v1/solar/embeddings "HTTP/1.1 200 OK"
2026-05-13 21:05:47,890 INFO httpx: HTTP Request: POST https://api.upstage.ai/v1/solar/embeddings "HTTP/1.1 200 OK"
2026-05-13 21:05:48,035 INFO httpx: HTTP Request: POST https://api.upstage.ai/v1/solar/embeddings "HTTP/1.1 200 OK"
2026-05-13 21:05:48,169 INFO httpx: HTTP Request: POST https://api.upstage.ai/v1/solar/embeddings "HTTP/1.1 200 OK"
2026-05-13 21:05:48,300 INFO httpx: HTTP Request: POST https://api.upstage.ai/v1/solar/embeddings "HTTP/1.1 200 OK"
2026-05-13 21:05:48,431 INFO httpx: HTTP Request: POST https://api.upstage.ai/v1/solar/embeddings "HTTP/1.1 200 OK"
2026-05-13 21:05:48,566 INFO httpx: HTTP Request: POST https://api.upstage.ai/v1/solar/embeddings "HTTP/1.1 200 OK"
2026-05-13 21:05:50,783 INFO httpx: HTTP Request: POST https://api.upstage.ai/v1/solar/chat/completions "HTTP/1.1 200 OK"
2026-05-13 21:05:52,965 INFO httpx: HTTP Request: POST https://api.upstage.ai/v1/solar/chat/completions "HTTP/1.1 200 OK"
2026-05-13 21:05:54,901 INFO httpx: HTTP Request: POST https://api.upstage.ai/v1/solar/chat/completions "HTTP/1.1 200 OK"
2026-05-13 21:05:56,764 INFO httpx: HTTP Request: POST https://api.upstage.ai/v1/solar/chat/completions "HTTP/1.1 200 OK"
2026-05-13 21:05:58,741 INFO httpx: HTTP Request: POST https://api.upstage.ai/v1/solar/chat/completions "HTTP/1.1 200 OK"
2026-05-13 21:06:00,366 INFO httpx: HTTP Request: POST https://api.upstage.ai/v1/solar/chat/completions "HTTP/1.1 200 OK"
2026-05-13 21:06:02,267 INFO httpx: HTTP Request: POST https://api.upstage.ai/v1/solar/chat/completions "HTTP/1.1 200 OK"
2026-05-13 21:06:04,173 INFO httpx: HTTP Request: POST https://api.upstage.ai/v1/solar/chat/completions "HTTP/1.1 200 OK"
2026-05-13 21:06:05,740 INFO httpx: HTTP Request: POST https://api.upstage.ai/v1/solar/chat/completions "HTTP/1.1 200 OK"
2026-05-13 21:06:07,706 INFO httpx: HTTP Request: POST https://api.upstage.ai/v1/solar/chat/completions "HTTP/1.1 200 OK"
2026-05-13 21:06:09,419 INFO httpx: HTTP Request: POST https://api.upstage.ai/v1/solar/chat/completions "HTTP/1.1 200 OK"
2026-05-13 21:06:11,029 INFO httpx: HTTP Request: POST https://api.upstage.ai/v1/solar/chat/completions "HTTP/1.1 200 OK"
2026-05-13 21:06:12,724 INFO httpx: HTTP Request: POST https://api.upstage.ai/v1/solar/chat/completions "HTTP/1.1 200 OK"
2026-05-13 21:06:14,541 INFO httpx: HTTP Request: POST https://api.upstage.ai/v1/solar/chat/completions "HTTP/1.1 200 OK"
2026-05-13 21:06:16,160 INFO httpx: HTTP Request: POST https://api.upstage.ai/v1/solar/chat/completions "HTTP/1.1 200 OK"
2026-05-13 21:06:17,862 INFO httpx: HTTP Request: POST https://api.upstage.ai/v1/solar/chat/completions "HTTP/1.1 200 OK"
2026-05-13 21:06:19,836 INFO httpx: HTTP Request: POST https://api.upstage.ai/v1/solar/chat/completions "HTTP/1.1 200 OK"
2026-05-13 21:06:21,549 INFO httpx: HTTP Request: POST https://api.upstage.ai/v1/solar/chat/completions "HTTP/1.1 200 OK"
2026-05-13 21:06:23,130 INFO httpx: HTTP Request: POST https://api.upstage.ai/v1/solar/chat/completions "HTTP/1.1 200 OK"
2026-05-13 21:06:25,223 INFO httpx: HTTP Request: POST https://api.upstage.ai/v1/solar/chat/completions "HTTP/1.1 200 OK"
2026-05-13 21:06:27,360 INFO httpx: HTTP Request: POST https://api.upstage.ai/v1/solar/chat/completions "HTTP/1.1 200 OK"
2026-05-13 21:06:29,318 INFO httpx: HTTP Request: POST https://api.upstage.ai/v1/solar/chat/completions "HTTP/1.1 200 OK"
2026-05-13 21:06:30,956 INFO httpx: HTTP Request: POST https://api.upstage.ai/v1/solar/chat/completions "HTTP/1.1 200 OK"
2026-05-13 21:06:32,651 INFO httpx: HTTP Request: POST https://api.upstage.ai/v1/solar/chat/completions "HTTP/1.1 200 OK"
2026-05-13 21:06:34,358 INFO httpx: HTTP Request: POST https://api.upstage.ai/v1/solar/chat/completions "HTTP/1.1 200 OK"
2026-05-13 21:06:36,386 INFO httpx: HTTP Request: POST https://api.upstage.ai/v1/solar/chat/completions "HTTP/1.1 200 OK"
2026-05-13 21:06:37,929 INFO httpx: HTTP Request: POST https://api.upstage.ai/v1/solar/chat/completions "HTTP/1.1 200 OK"
2026-05-13 21:06:39,689 INFO httpx: HTTP Request: POST https://api.upstage.ai/v1/solar/chat/completions "HTTP/1.1 200 OK"
2026-05-13 21:06:41,379 INFO httpx: HTTP Request: POST https://api.upstage.ai/v1/solar/chat/completions "HTTP/1.1 200 OK"
2026-05-13 21:06:43,059 INFO httpx: HTTP Request: POST https://api.upstage.ai/v1/solar/chat/completions "HTTP/1.1 200 OK"
2026-05-13 21:06:45,304 INFO httpx: HTTP Request: POST https://api.upstage.ai/v1/solar/chat/completions "HTTP/1.1 200 OK"
2026-05-13 21:06:47,217 INFO httpx: HTTP Request: POST https://api.upstage.ai/v1/solar/chat/completions "HTTP/1.1 200 OK"
