Starting a Gradle Daemon, 1 incompatible and 1 stopped Daemons could not be reused, use --status for details
> Task :compileJava
> Task :processResources UP-TO-DATE
> Task :classes
> Task :resolveMainClassName

> Task :bootRun

  .   ____          _            __ _ _
 /\\ / ___'_ __ _ _(_)_ __  __ _ \ \ \ \
( ( )\___ | '_ | '_| | '_ \/ _` | \ \ \ \
 \\/  ___)| |_)| | | | | || (_| |  ) ) ) )
  '  |____| .__|_| |_|_| |_\__, | / / / /
 =========|_|==============|___/=/_/_/_/

 :: Spring Boot ::                (v3.5.0)

2026-05-14T23:30:43.454+09:00  INFO 40744 --- [           main] com.newspick.NewspickApplication         : Starting NewspickApplication using Java 17.0.9 with PID 40744 (C:\Users\juns0720\Desktop\newspick\backend\build\classes\java\main started by 이준서 in C:\Users\juns0720\Desktop\newspick\backend)
2026-05-14T23:30:43.457+09:00  INFO 40744 --- [           main] com.newspick.NewspickApplication         : No active profile set, falling back to 1 default profile: "default"
2026-05-14T23:30:44.054+09:00  INFO 40744 --- [           main] .s.d.r.c.RepositoryConfigurationDelegate : Bootstrapping Spring Data JPA repositories in DEFAULT mode.
2026-05-14T23:30:44.245+09:00  INFO 40744 --- [           main] .s.d.r.c.RepositoryConfigurationDelegate : Finished Spring Data repository scanning in 180 ms. Found 2 JPA repository interfaces.
2026-05-14T23:30:44.868+09:00  INFO 40744 --- [           main] o.s.b.w.embedded.tomcat.TomcatWebServer  : Tomcat initialized with port 8080 (http)
2026-05-14T23:30:44.886+09:00  INFO 40744 --- [           main] o.apache.catalina.core.StandardService   : Starting service [Tomcat]
2026-05-14T23:30:44.886+09:00  INFO 40744 --- [           main] o.apache.catalina.core.StandardEngine    : Starting Servlet engine: [Apache Tomcat/10.1.41]
2026-05-14T23:30:44.955+09:00  INFO 40744 --- [           main] o.a.c.c.C.[Tomcat].[localhost].[/]       : Initializing Spring embedded WebApplicationContext
2026-05-14T23:30:44.955+09:00  INFO 40744 --- [           main] w.s.c.ServletWebServerApplicationContext : Root WebApplicationContext: initialization completed in 1434 ms
2026-05-14T23:30:45.177+09:00  INFO 40744 --- [           main] com.zaxxer.hikari.HikariDataSource       : HikariPool-1 - Starting...
2026-05-14T23:30:45.347+09:00  INFO 40744 --- [           main] com.zaxxer.hikari.pool.HikariPool        : HikariPool-1 - Added connection org.postgresql.jdbc.PgConnection@3b57dba4
2026-05-14T23:30:45.350+09:00  INFO 40744 --- [           main] com.zaxxer.hikari.HikariDataSource       : HikariPool-1 - Start completed.
2026-05-14T23:30:45.386+09:00  INFO 40744 --- [           main] org.flywaydb.core.FlywayExecutor         : Database: jdbc:postgresql://localhost:5432/newspick (PostgreSQL 16.13)
2026-05-14T23:30:45.458+09:00  INFO 40744 --- [           main] o.f.core.internal.command.DbValidate     : Successfully validated 5 migrations (execution time 00:00.031s)
2026-05-14T23:30:45.497+09:00  INFO 40744 --- [           main] o.f.core.internal.command.DbMigrate      : Current version of schema "public": 5
2026-05-14T23:30:45.503+09:00  INFO 40744 --- [           main] o.f.core.internal.command.DbMigrate      : Schema "public" is up to date. No migration necessary.
2026-05-14T23:30:45.607+09:00  INFO 40744 --- [           main] o.hibernate.jpa.internal.util.LogHelper  : HHH000204: Processing PersistenceUnitInfo [name: default]
2026-05-14T23:30:45.665+09:00  INFO 40744 --- [           main] org.hibernate.Version                    : HHH000412: Hibernate ORM core version 6.6.15.Final
2026-05-14T23:30:45.701+09:00  INFO 40744 --- [           main] o.h.c.internal.RegionFactoryInitiator    : HHH000026: Second-level cache disabled
2026-05-14T23:30:45.970+09:00  INFO 40744 --- [           main] o.s.o.j.p.SpringPersistenceUnitInfo      : No LoadTimeWeaver setup: ignoring JPA class transformer
2026-05-14T23:30:46.066+09:00  INFO 40744 --- [           main] org.hibernate.orm.connections.pooling    : HHH10001005: Database info:
	Database JDBC URL [Connecting through datasource 'HikariDataSource (HikariPool-1)']
	Database driver: undefined/unknown
	Database version: 16.13
	Autocommit mode: undefined/unknown
	Isolation level: undefined/unknown
	Minimum pool size: undefined/unknown
	Maximum pool size: undefined/unknown
2026-05-14T23:30:46.855+09:00  INFO 40744 --- [           main] o.h.e.t.j.p.i.JtaPlatformInitiator       : HHH000489: No JTA platform available (set 'hibernate.transaction.jta.platform' to enable JTA platform integration)
2026-05-14T23:30:46.925+09:00  INFO 40744 --- [           main] j.LocalContainerEntityManagerFactoryBean : Initialized JPA EntityManagerFactory for persistence unit 'default'
2026-05-14T23:30:47.711+09:00  WARN 40744 --- [           main] JpaBaseConfiguration$JpaWebConfiguration : spring.jpa.open-in-view is enabled by default. Therefore, database queries may be performed during view rendering. Explicitly configure spring.jpa.open-in-view to disable this warning
2026-05-14T23:30:48.005+09:00  INFO 40744 --- [           main] o.s.b.w.embedded.tomcat.TomcatWebServer  : Tomcat started on port 8080 (http) with context path '/'
2026-05-14T23:30:48.012+09:00  INFO 40744 --- [           main] com.newspick.NewspickApplication         : Started NewspickApplication in 4.958 seconds (process running for 5.288)
2026-05-14T23:31:40.998+09:00  INFO 40744 --- [nio-8080-exec-2] o.a.c.c.C.[Tomcat].[localhost].[/]       : Initializing Spring DispatcherServlet 'dispatcherServlet'
2026-05-14T23:31:40.998+09:00  INFO 40744 --- [nio-8080-exec-2] o.s.web.servlet.DispatcherServlet        : Initializing Servlet 'dispatcherServlet'
2026-05-14T23:31:40.999+09:00  INFO 40744 --- [nio-8080-exec-2] o.s.web.servlet.DispatcherServlet        : Completed initialization in 1 ms
