⨯ ./components/chat/markdown-message.tsx:4:1
Module not found: Can't resolve 'react-markdown'
  [90m2 |[0m
  [90m3 |[0m [36mimport[0m [36mtype[0m { [33mComponentPropsWithoutRef[0m } [36mfrom[0m [32m"react"[0m;
[31m[1m>[0m [90m4 |[0m [36mimport[0m [33mReactMarkdown[0m, { [36mtype[0m [33mComponents[0m } [36mfrom[0m [32m"react-markdown"[0m;
  [90m  |[0m [31m[1m^^^^^^^^^^^^^^^^^^^^^^^^^^^^^^^^^^^^^^^^^^^^^^^^^^^^^^^^^^^^^^^^[0m
  [90m5 |[0m [36mimport[0m remarkGfm [36mfrom[0m [32m"remark-gfm"[0m;
  [90m6 |[0m
  [90m7 |[0m [36mtype[0m [33mMarkdownMessageProps[0m = {



Import traces:
  Client Component Browser:
    ./components/chat/markdown-message.tsx [Client Component Browser]
    ./components/chat/chat-shell.tsx [Client Component Browser]
    ./components/chat/chat-shell.tsx [Server Component]
    ./app/(app)/chat/page.tsx [Server Component]

  Client Component SSR:
    ./components/chat/markdown-message.tsx [Client Component SSR]
    ./components/chat/chat-shell.tsx [Client Component SSR]
    ./components/chat/chat-shell.tsx [Server Component]
    ./app/(app)/chat/page.tsx [Server Component]

https://nextjs.org/docs/messages/module-not-found



./components/chat/markdown-message.tsx:5:1
Module not found: Can't resolve 'remark-gfm'
  [90m3 |[0m [36mimport[0m [36mtype[0m { [33mComponentPropsWithoutRef[0m } [36mfrom[0m [32m"react"[0m;
  [90m4 |[0m [36mimport[0m [33mReactMarkdown[0m, { [36mtype[0m [33mComponents[0m } [36mfrom[0m [32m"react-markdown"[0m;
[31m[1m>[0m [90m5 |[0m [36mimport[0m remarkGfm [36mfrom[0m [32m"remark-gfm"[0m;
  [90m  |[0m [31m[1m^^^^^^^^^^^^^^^^^^^^^^^^^^^^^^^^^^^[0m
  [90m6 |[0m
  [90m7 |[0m [36mtype[0m [33mMarkdownMessageProps[0m = {
  [90m8 |[0m   text: string;



Import traces:
  Client Component Browser:
    ./components/chat/markdown-message.tsx [Client Component Browser]
    ./components/chat/chat-shell.tsx [Client Component Browser]
    ./components/chat/chat-shell.tsx [Server Component]
    ./app/(app)/chat/page.tsx [Server Component]

  Client Component SSR:
    ./components/chat/markdown-message.tsx [Client Component SSR]
    ./components/chat/chat-shell.tsx [Client Component SSR]
    ./components/chat/chat-shell.tsx [Server Component]
    ./app/(app)/chat/page.tsx [Server Component]

https://nextjs.org/docs/messages/module-not-found


[browser] ./components/chat/markdown-message.tsx:4:1
Module not found: Can't resolve 'react-markdown'
  2 |
  3 | import type { ComponentPropsWithoutRef } from "react";
> 4 | import ReactMarkdown, { type Components } from "react-markdown";
    | ^^^^^^^^^^^^^^^^^^^^^^^^^^^^^^^^^^^^^^^^^^^^^^^^^^^^^^^^^^^^^^^^
  5 | import remarkGfm from "remark-gfm";
  6 |
  7 | type MarkdownMessageProps = {

Import traces:
  Client Component Browser:
    ./components/chat/markdown-message.tsx [Client Component Browser]
    ./components/chat/chat-shell.tsx [Client Component Browser]
    ./components/chat/chat-shell.tsx [Server Component]
    ./app/(app)/chat/page.tsx [Server Component]

  Client Component SSR:
    ./components/chat/markdown-message.tsx [Client Component SSR]
    ./components/chat/chat-shell.tsx [Client Component SSR]
    ./components/chat/chat-shell.tsx [Server Component]
    ./app/(app)/chat/page.tsx [Server Component]

https://nextjs.org/docs/messages/module-not-found 
[browser] ./components/chat/markdown-message.tsx:5:1
Module not found: Can't resolve 'remark-gfm'
  3 | import type { ComponentPropsWithoutRef } from "react";
  4 | import ReactMarkdown, { type Components } from "react-markdown";
> 5 | import remarkGfm from "remark-gfm";
    | ^^^^^^^^^^^^^^^^^^^^^^^^^^^^^^^^^^^
  6 |
  7 | type MarkdownMessageProps = {
  8 |   text: string;

Import traces:
  Client Component Browser:
    ./components/chat/markdown-message.tsx [Client Component Browser]
    ./components/chat/chat-shell.tsx [Client Component Browser]
    ./components/chat/chat-shell.tsx [Server Component]
    ./app/(app)/chat/page.tsx [Server Component]

  Client Component SSR:
    ./components/chat/markdown-message.tsx [Client Component SSR]
    ./components/chat/chat-shell.tsx [Client Component SSR]
    ./components/chat/chat-shell.tsx [Server Component]
    ./app/(app)/chat/page.tsx [Server Component]

https://nextjs.org/docs/messages/module-not-found 
⨯ ./components/chat/markdown-message.tsx:4:1
Module not found: Can't resolve 'react-markdown'
  [90m2 |[0m
  [90m3 |[0m [36mimport[0m [36mtype[0m { [33mComponentPropsWithoutRef[0m } [36mfrom[0m [32m"react"[0m;
[31m[1m>[0m [90m4 |[0m [36mimport[0m [33mReactMarkdown[0m, { [36mtype[0m [33mComponents[0m } [36mfrom[0m [32m"react-markdown"[0m;
  [90m  |[0m [31m[1m^^^^^^^^^^^^^^^^^^^^^^^^^^^^^^^^^^^^^^^^^^^^^^^^^^^^^^^^^^^^^^^^[0m
  [90m5 |[0m [36mimport[0m remarkGfm [36mfrom[0m [32m"remark-gfm"[0m;
  [90m6 |[0m
  [90m7 |[0m [36mtype[0m [33mMarkdownMessageProps[0m = {



Import traces:
  Client Component Browser:
    ./components/chat/markdown-message.tsx [Client Component Browser]
    ./components/chat/chat-shell.tsx [Client Component Browser]
    ./components/chat/chat-shell.tsx [Server Component]
    ./app/(app)/chat/page.tsx [Server Component]

  Client Component SSR:
    ./components/chat/markdown-message.tsx [Client Component SSR]
    ./components/chat/chat-shell.tsx [Client Component SSR]
    ./components/chat/chat-shell.tsx [Server Component]
    ./app/(app)/chat/page.tsx [Server Component]

https://nextjs.org/docs/messages/module-not-found



./components/chat/markdown-message.tsx:5:1
Module not found: Can't resolve 'remark-gfm'
  [90m3 |[0m [36mimport[0m [36mtype[0m { [33mComponentPropsWithoutRef[0m } [36mfrom[0m [32m"react"[0m;
  [90m4 |[0m [36mimport[0m [33mReactMarkdown[0m, { [36mtype[0m [33mComponents[0m } [36mfrom[0m [32m"react-markdown"[0m;
[31m[1m>[0m [90m5 |[0m [36mimport[0m remarkGfm [36mfrom[0m [32m"remark-gfm"[0m;
  [90m  |[0m [31m[1m^^^^^^^^^^^^^^^^^^^^^^^^^^^^^^^^^^^[0m
  [90m6 |[0m
  [90m7 |[0m [36mtype[0m [33mMarkdownMessageProps[0m = {
  [90m8 |[0m   text: string;



Import traces:
  Client Component Browser:
    ./components/chat/markdown-message.tsx [Client Component Browser]
    ./components/chat/chat-shell.tsx [Client Component Browser]
    ./components/chat/chat-shell.tsx [Server Component]
    ./app/(app)/chat/page.tsx [Server Component]

  Client Component SSR:
    ./components/chat/markdown-message.tsx [Client Component SSR]
    ./components/chat/chat-shell.tsx [Client Component SSR]
    ./components/chat/chat-shell.tsx [Server Component]
    ./app/(app)/chat/page.tsx [Server Component]

https://nextjs.org/docs/messages/module-not-found


[browser] Uncaught Error: ./components/chat/markdown-message.tsx:4:1
Module not found: Can't resolve 'react-markdown'
  2 |
  3 | import type { ComponentPropsWithoutRef } from "react";
> 4 | import ReactMarkdown, { type Components } from "react-markdown";
    | ^^^^^^^^^^^^^^^^^^^^^^^^^^^^^^^^^^^^^^^^^^^^^^^^^^^^^^^^^^^^^^^^
  5 | import remarkGfm from "remark-gfm";
  6 |
  7 | type MarkdownMessageProps = {



Import traces:
  Client Component Browser:
    ./components/chat/markdown-message.tsx [Client Component Browser]
    ./components/chat/chat-shell.tsx [Client Component Browser]
    ./components/chat/chat-shell.tsx [Server Component]
    ./app/(app)/chat/page.tsx [Server Component]

  Client Component SSR:
    ./components/chat/markdown-message.tsx [Client Component SSR]
    ./components/chat/chat-shell.tsx [Client Component SSR]
    ./components/chat/chat-shell.tsx [Server Component]
    ./app/(app)/chat/page.tsx [Server Component]

https://nextjs.org/docs/messages/module-not-found


    at <unknown> (Error: ./components/chat/markdown-message.tsx:4:1)
    at <unknown> (https://nextjs.org/docs/messages/module-not-found)
    at <unknown> (Error: (./components/chat/markdown-message.tsx:4:1)
    at <unknown> (https://nextjs.org/docs/messages/module-not-found)
[browser] ./components/chat/markdown-message.tsx:4:1
Module not found: Can't resolve 'react-markdown'
  2 |
  3 | import type { ComponentPropsWithoutRef } from "react";
> 4 | import ReactMarkdown, { type Components } from "react-markdown";
    | ^^^^^^^^^^^^^^^^^^^^^^^^^^^^^^^^^^^^^^^^^^^^^^^^^^^^^^^^^^^^^^^^
  5 | import remarkGfm from "remark-gfm";
  6 |
  7 | type MarkdownMessageProps = {

Import traces:
  Client Component Browser:
    ./components/chat/markdown-message.tsx [Client Component Browser]
    ./components/chat/chat-shell.tsx [Client Component Browser]
    ./components/chat/chat-shell.tsx [Server Component]
    ./app/(app)/chat/page.tsx [Server Component]

  Client Component SSR:
    ./components/chat/markdown-message.tsx [Client Component SSR]
    ./components/chat/chat-shell.tsx [Client Component SSR]
    ./components/chat/chat-shell.tsx [Server Component]
    ./app/(app)/chat/page.tsx [Server Component]

https://nextjs.org/docs/messages/module-not-found 
[browser] ./components/chat/markdown-message.tsx:5:1
Module not found: Can't resolve 'remark-gfm'
  3 | import type { ComponentPropsWithoutRef } from "react";
  4 | import ReactMarkdown, { type Components } from "react-markdown";
> 5 | import remarkGfm from "remark-gfm";
    | ^^^^^^^^^^^^^^^^^^^^^^^^^^^^^^^^^^^
  6 |
  7 | type MarkdownMessageProps = {
  8 |   text: string;

Import traces:
  Client Component Browser:
    ./components/chat/markdown-message.tsx [Client Component Browser]
    ./components/chat/chat-shell.tsx [Client Component Browser]
    ./components/chat/chat-shell.tsx [Server Component]
    ./app/(app)/chat/page.tsx [Server Component]

  Client Component SSR:
    ./components/chat/markdown-message.tsx [Client Component SSR]
    ./components/chat/chat-shell.tsx [Client Component SSR]
    ./components/chat/chat-shell.tsx [Server Component]
    ./app/(app)/chat/page.tsx [Server Component]

https://nextjs.org/docs/messages/module-not-found 
[browser] ./components/chat/markdown-message.tsx:4:1
Module not found: Can't resolve 'react-markdown'
  2 |
  3 | import type { ComponentPropsWithoutRef } from "react";
> 4 | import ReactMarkdown, { type Components } from "react-markdown";
    | ^^^^^^^^^^^^^^^^^^^^^^^^^^^^^^^^^^^^^^^^^^^^^^^^^^^^^^^^^^^^^^^^
  5 | import remarkGfm from "remark-gfm";
  6 |
  7 | type MarkdownMessageProps = {

Import traces:
  Client Component Browser:
    ./components/chat/markdown-message.tsx [Client Component Browser]
    ./components/chat/chat-shell.tsx [Client Component Browser]
    ./components/chat/chat-shell.tsx [Server Component]
    ./app/(app)/chat/page.tsx [Server Component]

  Client Component SSR:
    ./components/chat/markdown-message.tsx [Client Component SSR]
    ./components/chat/chat-shell.tsx [Client Component SSR]
    ./components/chat/chat-shell.tsx [Server Component]
    ./app/(app)/chat/page.tsx [Server Component]

https://nextjs.org/docs/messages/module-not-found 
[browser] ./components/chat/markdown-message.tsx:5:1
Module not found: Can't resolve 'remark-gfm'
  3 | import type { ComponentPropsWithoutRef } from "react";
  4 | import ReactMarkdown, { type Components } from "react-markdown";
> 5 | import remarkGfm from "remark-gfm";
    | ^^^^^^^^^^^^^^^^^^^^^^^^^^^^^^^^^^^
  6 |
  7 | type MarkdownMessageProps = {
  8 |   text: string;

Import traces:
  Client Component Browser:
    ./components/chat/markdown-message.tsx [Client Component Browser]
    ./components/chat/chat-shell.tsx [Client Component Browser]
    ./components/chat/chat-shell.tsx [Server Component]
    ./app/(app)/chat/page.tsx [Server Component]

  Client Component SSR:
    ./components/chat/markdown-message.tsx [Client Component SSR]
    ./components/chat/chat-shell.tsx [Client Component SSR]
    ./components/chat/chat-shell.tsx [Server Component]
    ./app/(app)/chat/page.tsx [Server Component]

https://nextjs.org/docs/messages/module-not-found 
[browser] ./components/chat/markdown-message.tsx:4:1
Module not found: Can't resolve 'react-markdown'
  2 |
  3 | import type { ComponentPropsWithoutRef } from "react";
> 4 | import ReactMarkdown, { type Components } from "react-markdown";
    | ^^^^^^^^^^^^^^^^^^^^^^^^^^^^^^^^^^^^^^^^^^^^^^^^^^^^^^^^^^^^^^^^
  5 | import remarkGfm from "remark-gfm";
  6 |
  7 | type MarkdownMessageProps = {

Import traces:
  Client Component Browser:
    ./components/chat/markdown-message.tsx [Client Component Browser]
    ./components/chat/chat-shell.tsx [Client Component Browser]
    ./components/chat/chat-shell.tsx [Server Component]
    ./app/(app)/chat/page.tsx [Server Component]

  Client Component SSR:
    ./components/chat/markdown-message.tsx [Client Component SSR]
    ./components/chat/chat-shell.tsx [Client Component SSR]
    ./components/chat/chat-shell.tsx [Server Component]
    ./app/(app)/chat/page.tsx [Server Component]

https://nextjs.org/docs/messages/module-not-found 
[browser] ./components/chat/markdown-message.tsx:5:1
Module not found: Can't resolve 'remark-gfm'
  3 | import type { ComponentPropsWithoutRef } from "react";
  4 | import ReactMarkdown, { type Components } from "react-markdown";
> 5 | import remarkGfm from "remark-gfm";
    | ^^^^^^^^^^^^^^^^^^^^^^^^^^^^^^^^^^^
  6 |
  7 | type MarkdownMessageProps = {
  8 |   text: string;

Import traces:
  Client Component Browser:
    ./components/chat/markdown-message.tsx [Client Component Browser]
    ./components/chat/chat-shell.tsx [Client Component Browser]
    ./components/chat/chat-shell.tsx [Server Component]
    ./app/(app)/chat/page.tsx [Server Component]

  Client Component SSR:
    ./components/chat/markdown-message.tsx [Client Component SSR]
    ./components/chat/chat-shell.tsx [Client Component SSR]
    ./components/chat/chat-shell.tsx [Server Component]
    ./app/(app)/chat/page.tsx [Server Component]

https://nextjs.org/docs/messages/module-not-found 
[browser] Uncaught Error: ./components/chat/markdown-message.tsx:4:1
Module not found: Can't resolve 'react-markdown'
  2 |
  3 | import type { ComponentPropsWithoutRef } from "react";
> 4 | import ReactMarkdown, { type Components } from "react-markdown";
    | ^^^^^^^^^^^^^^^^^^^^^^^^^^^^^^^^^^^^^^^^^^^^^^^^^^^^^^^^^^^^^^^^
  5 | import remarkGfm from "remark-gfm";
  6 |
  7 | type MarkdownMessageProps = {



Import traces:
  Client Component Browser:
    ./components/chat/markdown-message.tsx [Client Component Browser]
    ./components/chat/chat-shell.tsx [Client Component Browser]
    ./components/chat/chat-shell.tsx [Server Component]
    ./app/(app)/chat/page.tsx [Server Component]

  Client Component SSR:
    ./components/chat/markdown-message.tsx [Client Component SSR]
    ./components/chat/chat-shell.tsx [Client Component SSR]
    ./components/chat/chat-shell.tsx [Server Component]
    ./app/(app)/chat/page.tsx [Server Component]

https://nextjs.org/docs/messages/module-not-found


    at <unknown> (Error: ./components/chat/markdown-message.tsx:4:1)
    at <unknown> (https://nextjs.org/docs/messages/module-not-found)
    at <unknown> (Error: (./components/chat/markdown-message.tsx:4:1)
    at <unknown> (https://nextjs.org/docs/messages/module-not-found)
[browser] ./components/chat/markdown-message.tsx:4:1
Module not found: Can't resolve 'react-markdown'
  2 |
  3 | import type { ComponentPropsWithoutRef } from "react";
> 4 | import ReactMarkdown, { type Components } from "react-markdown";
    | ^^^^^^^^^^^^^^^^^^^^^^^^^^^^^^^^^^^^^^^^^^^^^^^^^^^^^^^^^^^^^^^^
  5 | import remarkGfm from "remark-gfm";
  6 |
  7 | type MarkdownMessageProps = {

Import traces:
  Client Component Browser:
    ./components/chat/markdown-message.tsx [Client Component Browser]
    ./components/chat/chat-shell.tsx [Client Component Browser]
    ./components/chat/chat-shell.tsx [Server Component]
    ./app/(app)/chat/page.tsx [Server Component]

  Client Component SSR:
    ./components/chat/markdown-message.tsx [Client Component SSR]
    ./components/chat/chat-shell.tsx [Client Component SSR]
    ./components/chat/chat-shell.tsx [Server Component]
    ./app/(app)/chat/page.tsx [Server Component]

https://nextjs.org/docs/messages/module-not-found 
[browser] ./components/chat/markdown-message.tsx:5:1
Module not found: Can't resolve 'remark-gfm'
  3 | import type { ComponentPropsWithoutRef } from "react";
  4 | import ReactMarkdown, { type Components } from "react-markdown";
> 5 | import remarkGfm from "remark-gfm";
    | ^^^^^^^^^^^^^^^^^^^^^^^^^^^^^^^^^^^
  6 |
  7 | type MarkdownMessageProps = {
  8 |   text: string;

Import traces:
  Client Component Browser:
    ./components/chat/markdown-message.tsx [Client Component Browser]
    ./components/chat/chat-shell.tsx [Client Component Browser]
    ./components/chat/chat-shell.tsx [Server Component]
    ./app/(app)/chat/page.tsx [Server Component]

  Client Component SSR:
    ./components/chat/markdown-message.tsx [Client Component SSR]
    ./components/chat/chat-shell.tsx [Client Component SSR]
    ./components/chat/chat-shell.tsx [Server Component]
    ./app/(app)/chat/page.tsx [Server Component]

https://nextjs.org/docs/messages/module-not-found 
[browser] ./components/chat/markdown-message.tsx:4:1
Module not found: Can't resolve 'react-markdown'
  2 |
  3 | import type { ComponentPropsWithoutRef } from "react";
> 4 | import ReactMarkdown, { type Components } from "react-markdown";
    | ^^^^^^^^^^^^^^^^^^^^^^^^^^^^^^^^^^^^^^^^^^^^^^^^^^^^^^^^^^^^^^^^
  5 | import remarkGfm from "remark-gfm";
  6 |
  7 | type MarkdownMessageProps = {

Import traces:
  Client Component Browser:
    ./components/chat/markdown-message.tsx [Client Component Browser]
    ./components/chat/chat-shell.tsx [Client Component Browser]
    ./components/chat/chat-shell.tsx [Server Component]
    ./app/(app)/chat/page.tsx [Server Component]

  Client Component SSR:
    ./components/chat/markdown-message.tsx [Client Component SSR]
    ./components/chat/chat-shell.tsx [Client Component SSR]
    ./components/chat/chat-shell.tsx [Server Component]
    ./app/(app)/chat/page.tsx [Server Component]

https://nextjs.org/docs/messages/module-not-found 
[browser] ./components/chat/markdown-message.tsx:5:1
Module not found: Can't resolve 'remark-gfm'
  3 | import type { ComponentPropsWithoutRef } from "react";
  4 | import ReactMarkdown, { type Components } from "react-markdown";
> 5 | import remarkGfm from "remark-gfm";
    | ^^^^^^^^^^^^^^^^^^^^^^^^^^^^^^^^^^^
  6 |
  7 | type MarkdownMessageProps = {
  8 |   text: string;

Import traces:
  Client Component Browser:
    ./components/chat/markdown-message.tsx [Client Component Browser]
    ./components/chat/chat-shell.tsx [Client Component Browser]
    ./components/chat/chat-shell.tsx [Server Component]
    ./app/(app)/chat/page.tsx [Server Component]

  Client Component SSR:
    ./components/chat/markdown-message.tsx [Client Component SSR]
    ./components/chat/chat-shell.tsx [Client Component SSR]
    ./components/chat/chat-shell.tsx [Server Component]
    ./app/(app)/chat/page.tsx [Server Component]

https://nextjs.org/docs/messages/module-not-found 
[browser] Uncaught Error: ./components/chat/markdown-message.tsx:4:1
Module not found: Can't resolve 'react-markdown'
  2 |
  3 | import type { ComponentPropsWithoutRef } from "react";
> 4 | import ReactMarkdown, { type Components } from "react-markdown";
    | ^^^^^^^^^^^^^^^^^^^^^^^^^^^^^^^^^^^^^^^^^^^^^^^^^^^^^^^^^^^^^^^^
  5 | import remarkGfm from "remark-gfm";
  6 |
  7 | type MarkdownMessageProps = {



Import traces:
  Client Component Browser:
    ./components/chat/markdown-message.tsx [Client Component Browser]
    ./components/chat/chat-shell.tsx [Client Component Browser]
    ./components/chat/chat-shell.tsx [Server Component]
    ./app/(app)/chat/page.tsx [Server Component]

  Client Component SSR:
    ./components/chat/markdown-message.tsx [Client Component SSR]
    ./components/chat/chat-shell.tsx [Client Component SSR]
    ./components/chat/chat-shell.tsx [Server Component]
    ./app/(app)/chat/page.tsx [Server Component]

https://nextjs.org/docs/messages/module-not-found


    at <unknown> (Error: ./components/chat/markdown-message.tsx:4:1)
    at <unknown> (https://nextjs.org/docs/messages/module-not-found)
    at <unknown> (Error: (./components/chat/markdown-message.tsx:4:1)
    at <unknown> (https://nextjs.org/docs/messages/module-not-found)
[browser] ./components/chat/markdown-message.tsx:4:1
Module not found: Can't resolve 'react-markdown'
  2 |
  3 | import type { ComponentPropsWithoutRef } from "react";
> 4 | import ReactMarkdown, { type Components } from "react-markdown";
    | ^^^^^^^^^^^^^^^^^^^^^^^^^^^^^^^^^^^^^^^^^^^^^^^^^^^^^^^^^^^^^^^^
  5 | import remarkGfm from "remark-gfm";
  6 |
  7 | type MarkdownMessageProps = {

Import traces:
  Client Component Browser:
    ./components/chat/markdown-message.tsx [Client Component Browser]
    ./components/chat/chat-shell.tsx [Client Component Browser]
    ./components/chat/chat-shell.tsx [Server Component]
    ./app/(app)/chat/page.tsx [Server Component]

  Client Component SSR:
    ./components/chat/markdown-message.tsx [Client Component SSR]
    ./components/chat/chat-shell.tsx [Client Component SSR]
    ./components/chat/chat-shell.tsx [Server Component]
    ./app/(app)/chat/page.tsx [Server Component]

https://nextjs.org/docs/messages/module-not-found 
[browser] ./components/chat/markdown-message.tsx:5:1
Module not found: Can't resolve 'remark-gfm'
  3 | import type { ComponentPropsWithoutRef } from "react";
  4 | import ReactMarkdown, { type Components } from "react-markdown";
> 5 | import remarkGfm from "remark-gfm";
    | ^^^^^^^^^^^^^^^^^^^^^^^^^^^^^^^^^^^
  6 |
  7 | type MarkdownMessageProps = {
  8 |   text: string;

Import traces:
  Client Component Browser:
    ./components/chat/markdown-message.tsx [Client Component Browser]
    ./components/chat/chat-shell.tsx [Client Component Browser]
    ./components/chat/chat-shell.tsx [Server Component]
    ./app/(app)/chat/page.tsx [Server Component]

  Client Component SSR:
    ./components/chat/markdown-message.tsx [Client Component SSR]
    ./components/chat/chat-shell.tsx [Client Component SSR]
    ./components/chat/chat-shell.tsx [Server Component]
    ./app/(app)/chat/page.tsx [Server Component]

https://nextjs.org/docs/messages/module-not-found 
[browser] ./components/chat/markdown-message.tsx:4:1
Module not found: Can't resolve 'react-markdown'
  2 |
  3 | import type { ComponentPropsWithoutRef } from "react";
> 4 | import ReactMarkdown, { type Components } from "react-markdown";
    | ^^^^^^^^^^^^^^^^^^^^^^^^^^^^^^^^^^^^^^^^^^^^^^^^^^^^^^^^^^^^^^^^
  5 | import remarkGfm from "remark-gfm";
  6 |
  7 | type MarkdownMessageProps = {

Import traces:
  Client Component Browser:
    ./components/chat/markdown-message.tsx [Client Component Browser]
    ./components/chat/chat-shell.tsx [Client Component Browser]
    ./components/chat/chat-shell.tsx [Server Component]
    ./app/(app)/chat/page.tsx [Server Component]

  Client Component SSR:
    ./components/chat/markdown-message.tsx [Client Component SSR]
    ./components/chat/chat-shell.tsx [Client Component SSR]
    ./components/chat/chat-shell.tsx [Server Component]
    ./app/(app)/chat/page.tsx [Server Component]

https://nextjs.org/docs/messages/module-not-found 
[browser] ./components/chat/markdown-message.tsx:5:1
Module not found: Can't resolve 'remark-gfm'
  3 | import type { ComponentPropsWithoutRef } from "react";
  4 | import ReactMarkdown, { type Components } from "react-markdown";
> 5 | import remarkGfm from "remark-gfm";
    | ^^^^^^^^^^^^^^^^^^^^^^^^^^^^^^^^^^^
  6 |
  7 | type MarkdownMessageProps = {
  8 |   text: string;

Import traces:
  Client Component Browser:
    ./components/chat/markdown-message.tsx [Client Component Browser]
    ./components/chat/chat-shell.tsx [Client Component Browser]
    ./components/chat/chat-shell.tsx [Server Component]
    ./app/(app)/chat/page.tsx [Server Component]

  Client Component SSR:
    ./components/chat/markdown-message.tsx [Client Component SSR]
    ./components/chat/chat-shell.tsx [Client Component SSR]
    ./components/chat/chat-shell.tsx [Server Component]
    ./app/(app)/chat/page.tsx [Server Component]

https://nextjs.org/docs/messages/module-not-found 
[browser] Uncaught Error: ./components/chat/markdown-message.tsx:4:1
Module not found: Can't resolve 'react-markdown'
  2 |
  3 | import type { ComponentPropsWithoutRef } from "react";
> 4 | import ReactMarkdown, { type Components } from "react-markdown";
    | ^^^^^^^^^^^^^^^^^^^^^^^^^^^^^^^^^^^^^^^^^^^^^^^^^^^^^^^^^^^^^^^^
  5 | import remarkGfm from "remark-gfm";
  6 |
  7 | type MarkdownMessageProps = {



Import traces:
  Client Component Browser:
    ./components/chat/markdown-message.tsx [Client Component Browser]
    ./components/chat/chat-shell.tsx [Client Component Browser]
    ./components/chat/chat-shell.tsx [Server Component]
    ./app/(app)/chat/page.tsx [Server Component]

  Client Component SSR:
    ./components/chat/markdown-message.tsx [Client Component SSR]
    ./components/chat/chat-shell.tsx [Client Component SSR]
    ./components/chat/chat-shell.tsx [Server Component]
    ./app/(app)/chat/page.tsx [Server Component]

https://nextjs.org/docs/messages/module-not-found


    at <unknown> (Error: ./components/chat/markdown-message.tsx:4:1)
    at <unknown> (https://nextjs.org/docs/messages/module-not-found)
    at <unknown> (Error: (./components/chat/markdown-message.tsx:4:1)
    at <unknown> (https://nextjs.org/docs/messages/module-not-found)
[browser] ./components/chat/markdown-message.tsx:4:1
Module not found: Can't resolve 'react-markdown'
  2 |
  3 | import type { ComponentPropsWithoutRef } from "react";
> 4 | import ReactMarkdown, { type Components } from "react-markdown";
    | ^^^^^^^^^^^^^^^^^^^^^^^^^^^^^^^^^^^^^^^^^^^^^^^^^^^^^^^^^^^^^^^^
  5 | import remarkGfm from "remark-gfm";
  6 |
  7 | type MarkdownMessageProps = {

Import traces:
  Client Component Browser:
    ./components/chat/markdown-message.tsx [Client Component Browser]
    ./components/chat/chat-shell.tsx [Client Component Browser]
    ./components/chat/chat-shell.tsx [Server Component]
    ./app/(app)/chat/page.tsx [Server Component]

  Client Component SSR:
    ./components/chat/markdown-message.tsx [Client Component SSR]
    ./components/chat/chat-shell.tsx [Client Component SSR]
    ./components/chat/chat-shell.tsx [Server Component]
    ./app/(app)/chat/page.tsx [Server Component]

https://nextjs.org/docs/messages/module-not-found 
[browser] ./components/chat/markdown-message.tsx:5:1
Module not found: Can't resolve 'remark-gfm'
  3 | import type { ComponentPropsWithoutRef } from "react";
  4 | import ReactMarkdown, { type Components } from "react-markdown";
> 5 | import remarkGfm from "remark-gfm";
    | ^^^^^^^^^^^^^^^^^^^^^^^^^^^^^^^^^^^
  6 |
  7 | type MarkdownMessageProps = {
  8 |   text: string;

Import traces:
  Client Component Browser:
    ./components/chat/markdown-message.tsx [Client Component Browser]
    ./components/chat/chat-shell.tsx [Client Component Browser]
    ./components/chat/chat-shell.tsx [Server Component]
    ./app/(app)/chat/page.tsx [Server Component]

  Client Component SSR:
    ./components/chat/markdown-message.tsx [Client Component SSR]
    ./components/chat/chat-shell.tsx [Client Component SSR]
    ./components/chat/chat-shell.tsx [Server Component]
    ./app/(app)/chat/page.tsx [Server Component]

https://nextjs.org/docs/messages/module-not-found 
[browser] ./components/chat/markdown-message.tsx:4:1
Module not found: Can't resolve 'react-markdown'
  2 |
  3 | import type { ComponentPropsWithoutRef } from "react";
> 4 | import ReactMarkdown, { type Components } from "react-markdown";
    | ^^^^^^^^^^^^^^^^^^^^^^^^^^^^^^^^^^^^^^^^^^^^^^^^^^^^^^^^^^^^^^^^
  5 | import remarkGfm from "remark-gfm";
  6 |
  7 | type MarkdownMessageProps = {

Import traces:
  Client Component Browser:
    ./components/chat/markdown-message.tsx [Client Component Browser]
    ./components/chat/chat-shell.tsx [Client Component Browser]
    ./components/chat/chat-shell.tsx [Server Component]
    ./app/(app)/chat/page.tsx [Server Component]

  Client Component SSR:
    ./components/chat/markdown-message.tsx [Client Component SSR]
    ./components/chat/chat-shell.tsx [Client Component SSR]
    ./components/chat/chat-shell.tsx [Server Component]
    ./app/(app)/chat/page.tsx [Server Component]

https://nextjs.org/docs/messages/module-not-found 
[browser] ./components/chat/markdown-message.tsx:5:1
Module not found: Can't resolve 'remark-gfm'
  3 | import type { ComponentPropsWithoutRef } from "react";
  4 | import ReactMarkdown, { type Components } from "react-markdown";
> 5 | import remarkGfm from "remark-gfm";
    | ^^^^^^^^^^^^^^^^^^^^^^^^^^^^^^^^^^^
  6 |
  7 | type MarkdownMessageProps = {
  8 |   text: string;

Import traces:
  Client Component Browser:
    ./components/chat/markdown-message.tsx [Client Component Browser]
    ./components/chat/chat-shell.tsx [Client Component Browser]
    ./components/chat/chat-shell.tsx [Server Component]
    ./app/(app)/chat/page.tsx [Server Component]

  Client Component SSR:
    ./components/chat/markdown-message.tsx [Client Component SSR]
    ./components/chat/chat-shell.tsx [Client Component SSR]
    ./components/chat/chat-shell.tsx [Server Component]
    ./app/(app)/chat/page.tsx [Server Component]

https://nextjs.org/docs/messages/module-not-found 
[browser] Uncaught Error: ./components/chat/markdown-message.tsx:4:1
Module not found: Can't resolve 'react-markdown'
  2 |
  3 | import type { ComponentPropsWithoutRef } from "react";
> 4 | import ReactMarkdown, { type Components } from "react-markdown";
    | ^^^^^^^^^^^^^^^^^^^^^^^^^^^^^^^^^^^^^^^^^^^^^^^^^^^^^^^^^^^^^^^^
  5 | import remarkGfm from "remark-gfm";
  6 |
  7 | type MarkdownMessageProps = {



Import traces:
  Client Component Browser:
    ./components/chat/markdown-message.tsx [Client Component Browser]
    ./components/chat/chat-shell.tsx [Client Component Browser]
    ./components/chat/chat-shell.tsx [Server Component]
    ./app/(app)/chat/page.tsx [Server Component]

  Client Component SSR:
    ./components/chat/markdown-message.tsx [Client Component SSR]
    ./components/chat/chat-shell.tsx [Client Component SSR]
    ./components/chat/chat-shell.tsx [Server Component]
    ./app/(app)/chat/page.tsx [Server Component]

https://nextjs.org/docs/messages/module-not-found


    at <unknown> (Error: ./components/chat/markdown-message.tsx:4:1)
    at <unknown> (https://nextjs.org/docs/messages/module-not-found)
    at <unknown> (Error: (./components/chat/markdown-message.tsx:4:1)
    at <unknown> (https://nextjs.org/docs/messages/module-not-found)
[browser] ./components/chat/markdown-message.tsx:4:1
Module not found: Can't resolve 'react-markdown'
  2 |
  3 | import type { ComponentPropsWithoutRef } from "react";
> 4 | import ReactMarkdown, { type Components } from "react-markdown";
    | ^^^^^^^^^^^^^^^^^^^^^^^^^^^^^^^^^^^^^^^^^^^^^^^^^^^^^^^^^^^^^^^^
  5 | import remarkGfm from "remark-gfm";
  6 |
  7 | type MarkdownMessageProps = {

Import traces:
  Client Component Browser:
    ./components/chat/markdown-message.tsx [Client Component Browser]
    ./components/chat/chat-shell.tsx [Client Component Browser]
    ./components/chat/chat-shell.tsx [Server Component]
    ./app/(app)/chat/page.tsx [Server Component]

  Client Component SSR:
    ./components/chat/markdown-message.tsx [Client Component SSR]
    ./components/chat/chat-shell.tsx [Client Component SSR]
    ./components/chat/chat-shell.tsx [Server Component]
    ./app/(app)/chat/page.tsx [Server Component]

https://nextjs.org/docs/messages/module-not-found 
[browser] ./components/chat/markdown-message.tsx:5:1
Module not found: Can't resolve 'remark-gfm'
  3 | import type { ComponentPropsWithoutRef } from "react";
  4 | import ReactMarkdown, { type Components } from "react-markdown";
> 5 | import remarkGfm from "remark-gfm";
    | ^^^^^^^^^^^^^^^^^^^^^^^^^^^^^^^^^^^
  6 |
  7 | type MarkdownMessageProps = {
  8 |   text: string;

Import traces:
  Client Component Browser:
    ./components/chat/markdown-message.tsx [Client Component Browser]
    ./components/chat/chat-shell.tsx [Client Component Browser]
    ./components/chat/chat-shell.tsx [Server Component]
    ./app/(app)/chat/page.tsx [Server Component]

  Client Component SSR:
    ./components/chat/markdown-message.tsx [Client Component SSR]
    ./components/chat/chat-shell.tsx [Client Component SSR]
    ./components/chat/chat-shell.tsx [Server Component]
    ./app/(app)/chat/page.tsx [Server Component]

https://nextjs.org/docs/messages/module-not-found 
[browser] ./components/chat/markdown-message.tsx:4:1
Module not found: Can't resolve 'react-markdown'
  2 |
  3 | import type { ComponentPropsWithoutRef } from "react";
> 4 | import ReactMarkdown, { type Components } from "react-markdown";
    | ^^^^^^^^^^^^^^^^^^^^^^^^^^^^^^^^^^^^^^^^^^^^^^^^^^^^^^^^^^^^^^^^
  5 | import remarkGfm from "remark-gfm";
  6 |
  7 | type MarkdownMessageProps = {

Import traces:
  Client Component Browser:
    ./components/chat/markdown-message.tsx [Client Component Browser]
    ./components/chat/chat-shell.tsx [Client Component Browser]
    ./components/chat/chat-shell.tsx [Server Component]
    ./app/(app)/chat/page.tsx [Server Component]

  Client Component SSR:
    ./components/chat/markdown-message.tsx [Client Component SSR]
    ./components/chat/chat-shell.tsx [Client Component SSR]
    ./components/chat/chat-shell.tsx [Server Component]
    ./app/(app)/chat/page.tsx [Server Component]

https://nextjs.org/docs/messages/module-not-found 
[browser] ./components/chat/markdown-message.tsx:5:1
Module not found: Can't resolve 'remark-gfm'
  3 | import type { ComponentPropsWithoutRef } from "react";
  4 | import ReactMarkdown, { type Components } from "react-markdown";
> 5 | import remarkGfm from "remark-gfm";
    | ^^^^^^^^^^^^^^^^^^^^^^^^^^^^^^^^^^^
  6 |
  7 | type MarkdownMessageProps = {
  8 |   text: string;

Import traces:
  Client Component Browser:
    ./components/chat/markdown-message.tsx [Client Component Browser]
    ./components/chat/chat-shell.tsx [Client Component Browser]
    ./components/chat/chat-shell.tsx [Server Component]
    ./app/(app)/chat/page.tsx [Server Component]

  Client Component SSR:
    ./components/chat/markdown-message.tsx [Client Component SSR]
    ./components/chat/chat-shell.tsx [Client Component SSR]
    ./components/chat/chat-shell.tsx [Server Component]
    ./app/(app)/chat/page.tsx [Server Component]

https://nextjs.org/docs/messages/module-not-found 
[browser] Uncaught Error: ./components/chat/markdown-message.tsx:4:1
Module not found: Can't resolve 'react-markdown'
  2 |
  3 | import type { ComponentPropsWithoutRef } from "react";
> 4 | import ReactMarkdown, { type Components } from "react-markdown";
    | ^^^^^^^^^^^^^^^^^^^^^^^^^^^^^^^^^^^^^^^^^^^^^^^^^^^^^^^^^^^^^^^^
  5 | import remarkGfm from "remark-gfm";
  6 |
  7 | type MarkdownMessageProps = {



Import traces:
  Client Component Browser:
    ./components/chat/markdown-message.tsx [Client Component Browser]
    ./components/chat/chat-shell.tsx [Client Component Browser]
    ./components/chat/chat-shell.tsx [Server Component]
    ./app/(app)/chat/page.tsx [Server Component]

  Client Component SSR:
    ./components/chat/markdown-message.tsx [Client Component SSR]
    ./components/chat/chat-shell.tsx [Client Component SSR]
    ./components/chat/chat-shell.tsx [Server Component]
    ./app/(app)/chat/page.tsx [Server Component]

https://nextjs.org/docs/messages/module-not-found


    at <unknown> (Error: ./components/chat/markdown-message.tsx:4:1)
    at <unknown> (https://nextjs.org/docs/messages/module-not-found)
    at <unknown> (Error: (./components/chat/markdown-message.tsx:4:1)
    at <unknown> (https://nextjs.org/docs/messages/module-not-found)
[browser] ./components/chat/markdown-message.tsx:4:1
Module not found: Can't resolve 'react-markdown'
  2 |
  3 | import type { ComponentPropsWithoutRef } from "react";
> 4 | import ReactMarkdown, { type Components } from "react-markdown";
    | ^^^^^^^^^^^^^^^^^^^^^^^^^^^^^^^^^^^^^^^^^^^^^^^^^^^^^^^^^^^^^^^^
  5 | import remarkGfm from "remark-gfm";
  6 |
  7 | type MarkdownMessageProps = {

Import traces:
  Client Component Browser:
    ./components/chat/markdown-message.tsx [Client Component Browser]
    ./components/chat/chat-shell.tsx [Client Component Browser]
    ./components/chat/chat-shell.tsx [Server Component]
    ./app/(app)/chat/page.tsx [Server Component]

  Client Component SSR:
    ./components/chat/markdown-message.tsx [Client Component SSR]
    ./components/chat/chat-shell.tsx [Client Component SSR]
    ./components/chat/chat-shell.tsx [Server Component]
    ./app/(app)/chat/page.tsx [Server Component]

https://nextjs.org/docs/messages/module-not-found 
[browser] ./components/chat/markdown-message.tsx:5:1
Module not found: Can't resolve 'remark-gfm'
  3 | import type { ComponentPropsWithoutRef } from "react";
  4 | import ReactMarkdown, { type Components } from "react-markdown";
> 5 | import remarkGfm from "remark-gfm";
    | ^^^^^^^^^^^^^^^^^^^^^^^^^^^^^^^^^^^
  6 |
  7 | type MarkdownMessageProps = {
  8 |   text: string;

Import traces:
  Client Component Browser:
    ./components/chat/markdown-message.tsx [Client Component Browser]
    ./components/chat/chat-shell.tsx [Client Component Browser]
    ./components/chat/chat-shell.tsx [Server Component]
    ./app/(app)/chat/page.tsx [Server Component]

  Client Component SSR:
    ./components/chat/markdown-message.tsx [Client Component SSR]
    ./components/chat/chat-shell.tsx [Client Component SSR]
    ./components/chat/chat-shell.tsx [Server Component]
    ./app/(app)/chat/page.tsx [Server Component]

https://nextjs.org/docs/messages/module-not-found 
[browser] ./components/chat/markdown-message.tsx:4:1
Module not found: Can't resolve 'react-markdown'
  2 |
  3 | import type { ComponentPropsWithoutRef } from "react";
> 4 | import ReactMarkdown, { type Components } from "react-markdown";
    | ^^^^^^^^^^^^^^^^^^^^^^^^^^^^^^^^^^^^^^^^^^^^^^^^^^^^^^^^^^^^^^^^
  5 | import remarkGfm from "remark-gfm";
  6 |
  7 | type MarkdownMessageProps = {

Import traces:
  Client Component Browser:
    ./components/chat/markdown-message.tsx [Client Component Browser]
    ./components/chat/chat-shell.tsx [Client Component Browser]
    ./components/chat/chat-shell.tsx [Server Component]
    ./app/(app)/chat/page.tsx [Server Component]

  Client Component SSR:
    ./components/chat/markdown-message.tsx [Client Component SSR]
    ./components/chat/chat-shell.tsx [Client Component SSR]
    ./components/chat/chat-shell.tsx [Server Component]
    ./app/(app)/chat/page.tsx [Server Component]

https://nextjs.org/docs/messages/module-not-found 
[browser] ./components/chat/markdown-message.tsx:5:1
Module not found: Can't resolve 'remark-gfm'
  3 | import type { ComponentPropsWithoutRef } from "react";
  4 | import ReactMarkdown, { type Components } from "react-markdown";
> 5 | import remarkGfm from "remark-gfm";
    | ^^^^^^^^^^^^^^^^^^^^^^^^^^^^^^^^^^^
  6 |
  7 | type MarkdownMessageProps = {
  8 |   text: string;

Import traces:
  Client Component Browser:
    ./components/chat/markdown-message.tsx [Client Component Browser]
    ./components/chat/chat-shell.tsx [Client Component Browser]
    ./components/chat/chat-shell.tsx [Server Component]
    ./app/(app)/chat/page.tsx [Server Component]

  Client Component SSR:
    ./components/chat/markdown-message.tsx [Client Component SSR]
    ./components/chat/chat-shell.tsx [Client Component SSR]
    ./components/chat/chat-shell.tsx [Server Component]
    ./app/(app)/chat/page.tsx [Server Component]

https://nextjs.org/docs/messages/module-not-found 
[browser] Uncaught Error: ./components/chat/markdown-message.tsx:4:1
Module not found: Can't resolve 'react-markdown'
  2 |
  3 | import type { ComponentPropsWithoutRef } from "react";
> 4 | import ReactMarkdown, { type Components } from "react-markdown";
    | ^^^^^^^^^^^^^^^^^^^^^^^^^^^^^^^^^^^^^^^^^^^^^^^^^^^^^^^^^^^^^^^^
  5 | import remarkGfm from "remark-gfm";
  6 |
  7 | type MarkdownMessageProps = {



Import traces:
  Client Component Browser:
    ./components/chat/markdown-message.tsx [Client Component Browser]
    ./components/chat/chat-shell.tsx [Client Component Browser]
    ./components/chat/chat-shell.tsx [Server Component]
    ./app/(app)/chat/page.tsx [Server Component]

  Client Component SSR:
    ./components/chat/markdown-message.tsx [Client Component SSR]
    ./components/chat/chat-shell.tsx [Client Component SSR]
    ./components/chat/chat-shell.tsx [Server Component]
    ./app/(app)/chat/page.tsx [Server Component]

https://nextjs.org/docs/messages/module-not-found


    at <unknown> (Error: ./components/chat/markdown-message.tsx:4:1)
    at <unknown> (https://nextjs.org/docs/messages/module-not-found)
    at <unknown> (Error: (./components/chat/markdown-message.tsx:4:1)
    at <unknown> (https://nextjs.org/docs/messages/module-not-found)
[browser] ./components/chat/markdown-message.tsx:4:1
Module not found: Can't resolve 'react-markdown'
  2 |
  3 | import type { ComponentPropsWithoutRef } from "react";
> 4 | import ReactMarkdown, { type Components } from "react-markdown";
    | ^^^^^^^^^^^^^^^^^^^^^^^^^^^^^^^^^^^^^^^^^^^^^^^^^^^^^^^^^^^^^^^^
  5 | import remarkGfm from "remark-gfm";
  6 |
  7 | type MarkdownMessageProps = {

Import traces:
  Client Component Browser:
    ./components/chat/markdown-message.tsx [Client Component Browser]
    ./components/chat/chat-shell.tsx [Client Component Browser]
    ./components/chat/chat-shell.tsx [Server Component]
    ./app/(app)/chat/page.tsx [Server Component]

  Client Component SSR:
    ./components/chat/markdown-message.tsx [Client Component SSR]
    ./components/chat/chat-shell.tsx [Client Component SSR]
    ./components/chat/chat-shell.tsx [Server Component]
    ./app/(app)/chat/page.tsx [Server Component]

https://nextjs.org/docs/messages/module-not-found 
[browser] ./components/chat/markdown-message.tsx:5:1
Module not found: Can't resolve 'remark-gfm'
  3 | import type { ComponentPropsWithoutRef } from "react";
  4 | import ReactMarkdown, { type Components } from "react-markdown";
> 5 | import remarkGfm from "remark-gfm";
    | ^^^^^^^^^^^^^^^^^^^^^^^^^^^^^^^^^^^
  6 |
  7 | type MarkdownMessageProps = {
  8 |   text: string;

Import traces:
  Client Component Browser:
    ./components/chat/markdown-message.tsx [Client Component Browser]
    ./components/chat/chat-shell.tsx [Client Component Browser]
    ./components/chat/chat-shell.tsx [Server Component]
    ./app/(app)/chat/page.tsx [Server Component]

  Client Component SSR:
    ./components/chat/markdown-message.tsx [Client Component SSR]
    ./components/chat/chat-shell.tsx [Client Component SSR]
    ./components/chat/chat-shell.tsx [Server Component]
    ./app/(app)/chat/page.tsx [Server Component]

https://nextjs.org/docs/messages/module-not-found 
[browser] ./components/chat/markdown-message.tsx:4:1
Module not found: Can't resolve 'react-markdown'
  2 |
  3 | import type { ComponentPropsWithoutRef } from "react";
> 4 | import ReactMarkdown, { type Components } from "react-markdown";
    | ^^^^^^^^^^^^^^^^^^^^^^^^^^^^^^^^^^^^^^^^^^^^^^^^^^^^^^^^^^^^^^^^
  5 | import remarkGfm from "remark-gfm";
  6 |
  7 | type MarkdownMessageProps = {

Import traces:
  Client Component Browser:
    ./components/chat/markdown-message.tsx [Client Component Browser]
    ./components/chat/chat-shell.tsx [Client Component Browser]
    ./components/chat/chat-shell.tsx [Server Component]
    ./app/(app)/chat/page.tsx [Server Component]

  Client Component SSR:
    ./components/chat/markdown-message.tsx [Client Component SSR]
    ./components/chat/chat-shell.tsx [Client Component SSR]
    ./components/chat/chat-shell.tsx [Server Component]
    ./app/(app)/chat/page.tsx [Server Component]

https://nextjs.org/docs/messages/module-not-found 
[browser] ./components/chat/markdown-message.tsx:5:1
Module not found: Can't resolve 'remark-gfm'
  3 | import type { ComponentPropsWithoutRef } from "react";
  4 | import ReactMarkdown, { type Components } from "react-markdown";
> 5 | import remarkGfm from "remark-gfm";
    | ^^^^^^^^^^^^^^^^^^^^^^^^^^^^^^^^^^^
  6 |
  7 | type MarkdownMessageProps = {
  8 |   text: string;

Import traces:
  Client Component Browser:
    ./components/chat/markdown-message.tsx [Client Component Browser]
    ./components/chat/chat-shell.tsx [Client Component Browser]
    ./components/chat/chat-shell.tsx [Server Component]
    ./app/(app)/chat/page.tsx [Server Component]

  Client Component SSR:
    ./components/chat/markdown-message.tsx [Client Component SSR]
    ./components/chat/chat-shell.tsx [Client Component SSR]
    ./components/chat/chat-shell.tsx [Server Component]
    ./app/(app)/chat/page.tsx [Server Component]

https://nextjs.org/docs/messages/module-not-found 
[browser] Uncaught Error: ./components/chat/markdown-message.tsx:4:1
Module not found: Can't resolve 'react-markdown'
  2 |
  3 | import type { ComponentPropsWithoutRef } from "react";
> 4 | import ReactMarkdown, { type Components } from "react-markdown";
    | ^^^^^^^^^^^^^^^^^^^^^^^^^^^^^^^^^^^^^^^^^^^^^^^^^^^^^^^^^^^^^^^^
  5 | import remarkGfm from "remark-gfm";
  6 |
  7 | type MarkdownMessageProps = {



Import traces:
  Client Component Browser:
    ./components/chat/markdown-message.tsx [Client Component Browser]
    ./components/chat/chat-shell.tsx [Client Component Browser]
    ./components/chat/chat-shell.tsx [Server Component]
    ./app/(app)/chat/page.tsx [Server Component]

  Client Component SSR:
    ./components/chat/markdown-message.tsx [Client Component SSR]
    ./components/chat/chat-shell.tsx [Client Component SSR]
    ./components/chat/chat-shell.tsx [Server Component]
    ./app/(app)/chat/page.tsx [Server Component]

https://nextjs.org/docs/messages/module-not-found


    at <unknown> (Error: ./components/chat/markdown-message.tsx:4:1)
    at <unknown> (https://nextjs.org/docs/messages/module-not-found)
    at <unknown> (Error: (./components/chat/markdown-message.tsx:4:1)
    at <unknown> (https://nextjs.org/docs/messages/module-not-found)
[browser] ./components/chat/markdown-message.tsx:4:1
Module not found: Can't resolve 'react-markdown'
  2 |
  3 | import type { ComponentPropsWithoutRef } from "react";
> 4 | import ReactMarkdown, { type Components } from "react-markdown";
    | ^^^^^^^^^^^^^^^^^^^^^^^^^^^^^^^^^^^^^^^^^^^^^^^^^^^^^^^^^^^^^^^^
  5 | import remarkGfm from "remark-gfm";
  6 |
  7 | type MarkdownMessageProps = {

Import traces:
  Client Component Browser:
    ./components/chat/markdown-message.tsx [Client Component Browser]
    ./components/chat/chat-shell.tsx [Client Component Browser]
    ./components/chat/chat-shell.tsx [Server Component]
    ./app/(app)/chat/page.tsx [Server Component]

  Client Component SSR:
    ./components/chat/markdown-message.tsx [Client Component SSR]
    ./components/chat/chat-shell.tsx [Client Component SSR]
    ./components/chat/chat-shell.tsx [Server Component]
    ./app/(app)/chat/page.tsx [Server Component]

https://nextjs.org/docs/messages/module-not-found 
[browser] ./components/chat/markdown-message.tsx:5:1
Module not found: Can't resolve 'remark-gfm'
  3 | import type { ComponentPropsWithoutRef } from "react";
  4 | import ReactMarkdown, { type Components } from "react-markdown";
> 5 | import remarkGfm from "remark-gfm";
    | ^^^^^^^^^^^^^^^^^^^^^^^^^^^^^^^^^^^
  6 |
  7 | type MarkdownMessageProps = {
  8 |   text: string;

Import traces:
  Client Component Browser:
    ./components/chat/markdown-message.tsx [Client Component Browser]
    ./components/chat/chat-shell.tsx [Client Component Browser]
    ./components/chat/chat-shell.tsx [Server Component]
    ./app/(app)/chat/page.tsx [Server Component]

  Client Component SSR:
    ./components/chat/markdown-message.tsx [Client Component SSR]
    ./components/chat/chat-shell.tsx [Client Component SSR]
    ./components/chat/chat-shell.tsx [Server Component]
    ./app/(app)/chat/page.tsx [Server Component]

https://nextjs.org/docs/messages/module-not-found 
[browser] ./components/chat/markdown-message.tsx:4:1
Module not found: Can't resolve 'react-markdown'
  2 |
  3 | import type { ComponentPropsWithoutRef } from "react";
> 4 | import ReactMarkdown, { type Components } from "react-markdown";
    | ^^^^^^^^^^^^^^^^^^^^^^^^^^^^^^^^^^^^^^^^^^^^^^^^^^^^^^^^^^^^^^^^
  5 | import remarkGfm from "remark-gfm";
  6 |
  7 | type MarkdownMessageProps = {

Import traces:
  Client Component Browser:
    ./components/chat/markdown-message.tsx [Client Component Browser]
    ./components/chat/chat-shell.tsx [Client Component Browser]
    ./components/chat/chat-shell.tsx [Server Component]
    ./app/(app)/chat/page.tsx [Server Component]

  Client Component SSR:
    ./components/chat/markdown-message.tsx [Client Component SSR]
    ./components/chat/chat-shell.tsx [Client Component SSR]
    ./components/chat/chat-shell.tsx [Server Component]
    ./app/(app)/chat/page.tsx [Server Component]

https://nextjs.org/docs/messages/module-not-found 
[browser] ./components/chat/markdown-message.tsx:5:1
Module not found: Can't resolve 'remark-gfm'
  3 | import type { ComponentPropsWithoutRef } from "react";
  4 | import ReactMarkdown, { type Components } from "react-markdown";
> 5 | import remarkGfm from "remark-gfm";
    | ^^^^^^^^^^^^^^^^^^^^^^^^^^^^^^^^^^^
  6 |
  7 | type MarkdownMessageProps = {
  8 |   text: string;

Import traces:
  Client Component Browser:
    ./components/chat/markdown-message.tsx [Client Component Browser]
    ./components/chat/chat-shell.tsx [Client Component Browser]
    ./components/chat/chat-shell.tsx [Server Component]
    ./app/(app)/chat/page.tsx [Server Component]

  Client Component SSR:
    ./components/chat/markdown-message.tsx [Client Component SSR]
    ./components/chat/chat-shell.tsx [Client Component SSR]
    ./components/chat/chat-shell.tsx [Server Component]
    ./app/(app)/chat/page.tsx [Server Component]

https://nextjs.org/docs/messages/module-not-found 
[browser] Uncaught Error: ./components/chat/markdown-message.tsx:4:1
Module not found: Can't resolve 'react-markdown'
  2 |
  3 | import type { ComponentPropsWithoutRef } from "react";
> 4 | import ReactMarkdown, { type Components } from "react-markdown";
    | ^^^^^^^^^^^^^^^^^^^^^^^^^^^^^^^^^^^^^^^^^^^^^^^^^^^^^^^^^^^^^^^^
  5 | import remarkGfm from "remark-gfm";
  6 |
  7 | type MarkdownMessageProps = {



Import traces:
  Client Component Browser:
    ./components/chat/markdown-message.tsx [Client Component Browser]
    ./components/chat/chat-shell.tsx [Client Component Browser]
    ./components/chat/chat-shell.tsx [Server Component]
    ./app/(app)/chat/page.tsx [Server Component]

  Client Component SSR:
    ./components/chat/markdown-message.tsx [Client Component SSR]
    ./components/chat/chat-shell.tsx [Client Component SSR]
    ./components/chat/chat-shell.tsx [Server Component]
    ./app/(app)/chat/page.tsx [Server Component]

https://nextjs.org/docs/messages/module-not-found


    at <unknown> (Error: ./components/chat/markdown-message.tsx:4:1)
    at <unknown> (https://nextjs.org/docs/messages/module-not-found)
    at <unknown> (Error: (./components/chat/markdown-message.tsx:4:1)
    at <unknown> (https://nextjs.org/docs/messages/module-not-found)
[browser] ./components/chat/markdown-message.tsx:4:1
Module not found: Can't resolve 'react-markdown'
  2 |
  3 | import type { ComponentPropsWithoutRef } from "react";
> 4 | import ReactMarkdown, { type Components } from "react-markdown";
    | ^^^^^^^^^^^^^^^^^^^^^^^^^^^^^^^^^^^^^^^^^^^^^^^^^^^^^^^^^^^^^^^^
  5 | import remarkGfm from "remark-gfm";
  6 |
  7 | type MarkdownMessageProps = {

Import traces:
  Client Component Browser:
    ./components/chat/markdown-message.tsx [Client Component Browser]
    ./components/chat/chat-shell.tsx [Client Component Browser]
    ./components/chat/chat-shell.tsx [Server Component]
    ./app/(app)/chat/page.tsx [Server Component]

  Client Component SSR:
    ./components/chat/markdown-message.tsx [Client Component SSR]
    ./components/chat/chat-shell.tsx [Client Component SSR]
    ./components/chat/chat-shell.tsx [Server Component]
    ./app/(app)/chat/page.tsx [Server Component]

https://nextjs.org/docs/messages/module-not-found 
[browser] ./components/chat/markdown-message.tsx:5:1
Module not found: Can't resolve 'remark-gfm'
  3 | import type { ComponentPropsWithoutRef } from "react";
  4 | import ReactMarkdown, { type Components } from "react-markdown";
> 5 | import remarkGfm from "remark-gfm";
    | ^^^^^^^^^^^^^^^^^^^^^^^^^^^^^^^^^^^
  6 |
  7 | type MarkdownMessageProps = {
  8 |   text: string;

Import traces:
  Client Component Browser:
    ./components/chat/markdown-message.tsx [Client Component Browser]
    ./components/chat/chat-shell.tsx [Client Component Browser]
    ./components/chat/chat-shell.tsx [Server Component]
    ./app/(app)/chat/page.tsx [Server Component]

  Client Component SSR:
    ./components/chat/markdown-message.tsx [Client Component SSR]
    ./components/chat/chat-shell.tsx [Client Component SSR]
    ./components/chat/chat-shell.tsx [Server Component]
    ./app/(app)/chat/page.tsx [Server Component]

https://nextjs.org/docs/messages/module-not-found 
[browser] ./components/chat/markdown-message.tsx:4:1
Module not found: Can't resolve 'react-markdown'
  2 |
  3 | import type { ComponentPropsWithoutRef } from "react";
> 4 | import ReactMarkdown, { type Components } from "react-markdown";
    | ^^^^^^^^^^^^^^^^^^^^^^^^^^^^^^^^^^^^^^^^^^^^^^^^^^^^^^^^^^^^^^^^
  5 | import remarkGfm from "remark-gfm";
  6 |
  7 | type MarkdownMessageProps = {

Import traces:
  Client Component Browser:
    ./components/chat/markdown-message.tsx [Client Component Browser]
    ./components/chat/chat-shell.tsx [Client Component Browser]
    ./components/chat/chat-shell.tsx [Server Component]
    ./app/(app)/chat/page.tsx [Server Component]

  Client Component SSR:
    ./components/chat/markdown-message.tsx [Client Component SSR]
    ./components/chat/chat-shell.tsx [Client Component SSR]
    ./components/chat/chat-shell.tsx [Server Component]
    ./app/(app)/chat/page.tsx [Server Component]

https://nextjs.org/docs/messages/module-not-found 
[browser] ./components/chat/markdown-message.tsx:5:1
Module not found: Can't resolve 'remark-gfm'
  3 | import type { ComponentPropsWithoutRef } from "react";
  4 | import ReactMarkdown, { type Components } from "react-markdown";
> 5 | import remarkGfm from "remark-gfm";
    | ^^^^^^^^^^^^^^^^^^^^^^^^^^^^^^^^^^^
  6 |
  7 | type MarkdownMessageProps = {
  8 |   text: string;

Import traces:
  Client Component Browser:
    ./components/chat/markdown-message.tsx [Client Component Browser]
    ./components/chat/chat-shell.tsx [Client Component Browser]
    ./components/chat/chat-shell.tsx [Server Component]
    ./app/(app)/chat/page.tsx [Server Component]

  Client Component SSR:
    ./components/chat/markdown-message.tsx [Client Component SSR]
    ./components/chat/chat-shell.tsx [Client Component SSR]
    ./components/chat/chat-shell.tsx [Server Component]
    ./app/(app)/chat/page.tsx [Server Component]

https://nextjs.org/docs/messages/module-not-found 
[browser] Uncaught Error: ./components/chat/markdown-message.tsx:4:1
Module not found: Can't resolve 'react-markdown'
  2 |
  3 | import type { ComponentPropsWithoutRef } from "react";
> 4 | import ReactMarkdown, { type Components } from "react-markdown";
    | ^^^^^^^^^^^^^^^^^^^^^^^^^^^^^^^^^^^^^^^^^^^^^^^^^^^^^^^^^^^^^^^^
  5 | import remarkGfm from "remark-gfm";
  6 |
  7 | type MarkdownMessageProps = {



Import traces:
  Client Component Browser:
    ./components/chat/markdown-message.tsx [Client Component Browser]
    ./components/chat/chat-shell.tsx [Client Component Browser]
    ./components/chat/chat-shell.tsx [Server Component]
    ./app/(app)/chat/page.tsx [Server Component]

  Client Component SSR:
    ./components/chat/markdown-message.tsx [Client Component SSR]
    ./components/chat/chat-shell.tsx [Client Component SSR]
    ./components/chat/chat-shell.tsx [Server Component]
    ./app/(app)/chat/page.tsx [Server Component]

https://nextjs.org/docs/messages/module-not-found


    at <unknown> (Error: ./components/chat/markdown-message.tsx:4:1)
    at <unknown> (https://nextjs.org/docs/messages/module-not-found)
    at <unknown> (Error: (./components/chat/markdown-message.tsx:4:1)
    at <unknown> (https://nextjs.org/docs/messages/module-not-found)
[browser] ./components/chat/markdown-message.tsx:4:1
Module not found: Can't resolve 'react-markdown'
  2 |
  3 | import type { ComponentPropsWithoutRef } from "react";
> 4 | import ReactMarkdown, { type Components } from "react-markdown";
    | ^^^^^^^^^^^^^^^^^^^^^^^^^^^^^^^^^^^^^^^^^^^^^^^^^^^^^^^^^^^^^^^^
  5 | import remarkGfm from "remark-gfm";
  6 |
  7 | type MarkdownMessageProps = {

Import traces:
  Client Component Browser:
    ./components/chat/markdown-message.tsx [Client Component Browser]
    ./components/chat/chat-shell.tsx [Client Component Browser]
    ./components/chat/chat-shell.tsx [Server Component]
    ./app/(app)/chat/page.tsx [Server Component]

  Client Component SSR:
    ./components/chat/markdown-message.tsx [Client Component SSR]
    ./components/chat/chat-shell.tsx [Client Component SSR]
    ./components/chat/chat-shell.tsx [Server Component]
    ./app/(app)/chat/page.tsx [Server Component]

https://nextjs.org/docs/messages/module-not-found 
[browser] ./components/chat/markdown-message.tsx:5:1
Module not found: Can't resolve 'remark-gfm'
  3 | import type { ComponentPropsWithoutRef } from "react";
  4 | import ReactMarkdown, { type Components } from "react-markdown";
> 5 | import remarkGfm from "remark-gfm";
    | ^^^^^^^^^^^^^^^^^^^^^^^^^^^^^^^^^^^
  6 |
  7 | type MarkdownMessageProps = {
  8 |   text: string;

Import traces:
  Client Component Browser:
    ./components/chat/markdown-message.tsx [Client Component Browser]
    ./components/chat/chat-shell.tsx [Client Component Browser]
    ./components/chat/chat-shell.tsx [Server Component]
    ./app/(app)/chat/page.tsx [Server Component]

  Client Component SSR:
    ./components/chat/markdown-message.tsx [Client Component SSR]
    ./components/chat/chat-shell.tsx [Client Component SSR]
    ./components/chat/chat-shell.tsx [Server Component]
    ./app/(app)/chat/page.tsx [Server Component]

https://nextjs.org/docs/messages/module-not-found 
[browser] ./components/chat/markdown-message.tsx:4:1
Module not found: Can't resolve 'react-markdown'
  2 |
  3 | import type { ComponentPropsWithoutRef } from "react";
> 4 | import ReactMarkdown, { type Components } from "react-markdown";
    | ^^^^^^^^^^^^^^^^^^^^^^^^^^^^^^^^^^^^^^^^^^^^^^^^^^^^^^^^^^^^^^^^
  5 | import remarkGfm from "remark-gfm";
  6 |
  7 | type MarkdownMessageProps = {

Import traces:
  Client Component Browser:
    ./components/chat/markdown-message.tsx [Client Component Browser]
    ./components/chat/chat-shell.tsx [Client Component Browser]
    ./components/chat/chat-shell.tsx [Server Component]
    ./app/(app)/chat/page.tsx [Server Component]

  Client Component SSR:
    ./components/chat/markdown-message.tsx [Client Component SSR]
    ./components/chat/chat-shell.tsx [Client Component SSR]
    ./components/chat/chat-shell.tsx [Server Component]
    ./app/(app)/chat/page.tsx [Server Component]

https://nextjs.org/docs/messages/module-not-found 
[browser] ./components/chat/markdown-message.tsx:5:1
Module not found: Can't resolve 'remark-gfm'
  3 | import type { ComponentPropsWithoutRef } from "react";
  4 | import ReactMarkdown, { type Components } from "react-markdown";
> 5 | import remarkGfm from "remark-gfm";
    | ^^^^^^^^^^^^^^^^^^^^^^^^^^^^^^^^^^^
  6 |
  7 | type MarkdownMessageProps = {
  8 |   text: string;

Import traces:
  Client Component Browser:
    ./components/chat/markdown-message.tsx [Client Component Browser]
    ./components/chat/chat-shell.tsx [Client Component Browser]
    ./components/chat/chat-shell.tsx [Server Component]
    ./app/(app)/chat/page.tsx [Server Component]

  Client Component SSR:
    ./components/chat/markdown-message.tsx [Client Component SSR]
    ./components/chat/chat-shell.tsx [Client Component SSR]
    ./components/chat/chat-shell.tsx [Server Component]
    ./app/(app)/chat/page.tsx [Server Component]

https://nextjs.org/docs/messages/module-not-found 
[browser] ./components/chat/markdown-message.tsx:4:1
Module not found: Can't resolve 'react-markdown'
  2 |
  3 | import type { ComponentPropsWithoutRef } from "react";
> 4 | import ReactMarkdown, { type Components } from "react-markdown";
    | ^^^^^^^^^^^^^^^^^^^^^^^^^^^^^^^^^^^^^^^^^^^^^^^^^^^^^^^^^^^^^^^^
  5 | import remarkGfm from "remark-gfm";
  6 |
  7 | type MarkdownMessageProps = {

Import traces:
  Client Component Browser:
    ./components/chat/markdown-message.tsx [Client Component Browser]
    ./components/chat/chat-shell.tsx [Client Component Browser]
    ./components/chat/chat-shell.tsx [Server Component]
    ./app/(app)/chat/page.tsx [Server Component]

  Client Component SSR:
    ./components/chat/markdown-message.tsx [Client Component SSR]
    ./components/chat/chat-shell.tsx [Client Component SSR]
    ./components/chat/chat-shell.tsx [Server Component]
    ./app/(app)/chat/page.tsx [Server Component]

https://nextjs.org/docs/messages/module-not-found 
[browser] ./components/chat/markdown-message.tsx:5:1
Module not found: Can't resolve 'remark-gfm'
  3 | import type { ComponentPropsWithoutRef } from "react";
  4 | import ReactMarkdown, { type Components } from "react-markdown";
> 5 | import remarkGfm from "remark-gfm";
    | ^^^^^^^^^^^^^^^^^^^^^^^^^^^^^^^^^^^
  6 |
  7 | type MarkdownMessageProps = {
  8 |   text: string;

Import traces:
  Client Component Browser:
    ./components/chat/markdown-message.tsx [Client Component Browser]
    ./components/chat/chat-shell.tsx [Client Component Browser]
    ./components/chat/chat-shell.tsx [Server Component]
    ./app/(app)/chat/page.tsx [Server Component]

  Client Component SSR:
    ./components/chat/markdown-message.tsx [Client Component SSR]
    ./components/chat/chat-shell.tsx [Client Component SSR]
    ./components/chat/chat-shell.tsx [Server Component]
    ./app/(app)/chat/page.tsx [Server Component]

https://nextjs.org/docs/messages/module-not-found 
[browser] Uncaught Error: ./components/chat/markdown-message.tsx:4:1
Module not found: Can't resolve 'react-markdown'
  2 |
  3 | import type { ComponentPropsWithoutRef } from "react";
> 4 | import ReactMarkdown, { type Components } from "react-markdown";
    | ^^^^^^^^^^^^^^^^^^^^^^^^^^^^^^^^^^^^^^^^^^^^^^^^^^^^^^^^^^^^^^^^
  5 | import remarkGfm from "remark-gfm";
  6 |
  7 | type MarkdownMessageProps = {



Import traces:
  Client Component Browser:
    ./components/chat/markdown-message.tsx [Client Component Browser]
    ./components/chat/chat-shell.tsx [Client Component Browser]
    ./components/chat/chat-shell.tsx [Server Component]
    ./app/(app)/chat/page.tsx [Server Component]

  Client Component SSR:
    ./components/chat/markdown-message.tsx [Client Component SSR]
    ./components/chat/chat-shell.tsx [Client Component SSR]
    ./components/chat/chat-shell.tsx [Server Component]
    ./app/(app)/chat/page.tsx [Server Component]

https://nextjs.org/docs/messages/module-not-found


    at <unknown> (Error: ./components/chat/markdown-message.tsx:4:1)
    at <unknown> (https://nextjs.org/docs/messages/module-not-found)
    at <unknown> (Error: (./components/chat/markdown-message.tsx:4:1)
    at <unknown> (https://nextjs.org/docs/messages/module-not-found)
[browser] ./components/chat/markdown-message.tsx:4:1
Module not found: Can't resolve 'react-markdown'
  2 |
  3 | import type { ComponentPropsWithoutRef } from "react";
> 4 | import ReactMarkdown, { type Components } from "react-markdown";
    | ^^^^^^^^^^^^^^^^^^^^^^^^^^^^^^^^^^^^^^^^^^^^^^^^^^^^^^^^^^^^^^^^
  5 | import remarkGfm from "remark-gfm";
  6 |
  7 | type MarkdownMessageProps = {

Import traces:
  Client Component Browser:
    ./components/chat/markdown-message.tsx [Client Component Browser]
    ./components/chat/chat-shell.tsx [Client Component Browser]
    ./components/chat/chat-shell.tsx [Server Component]
    ./app/(app)/chat/page.tsx [Server Component]

  Client Component SSR:
    ./components/chat/markdown-message.tsx [Client Component SSR]
    ./components/chat/chat-shell.tsx [Client Component SSR]
    ./components/chat/chat-shell.tsx [Server Component]
    ./app/(app)/chat/page.tsx [Server Component]

https://nextjs.org/docs/messages/module-not-found 
[browser] ./components/chat/markdown-message.tsx:5:1
Module not found: Can't resolve 'remark-gfm'
  3 | import type { ComponentPropsWithoutRef } from "react";
  4 | import ReactMarkdown, { type Components } from "react-markdown";
> 5 | import remarkGfm from "remark-gfm";
    | ^^^^^^^^^^^^^^^^^^^^^^^^^^^^^^^^^^^
  6 |
  7 | type MarkdownMessageProps = {
  8 |   text: string;

Import traces:
  Client Component Browser:
    ./components/chat/markdown-message.tsx [Client Component Browser]
    ./components/chat/chat-shell.tsx [Client Component Browser]
    ./components/chat/chat-shell.tsx [Server Component]
    ./app/(app)/chat/page.tsx [Server Component]

  Client Component SSR:
    ./components/chat/markdown-message.tsx [Client Component SSR]
    ./components/chat/chat-shell.tsx [Client Component SSR]
    ./components/chat/chat-shell.tsx [Server Component]
    ./app/(app)/chat/page.tsx [Server Component]

https://nextjs.org/docs/messages/module-not-found 
[browser] ./components/chat/markdown-message.tsx:4:1
Module not found: Can't resolve 'react-markdown'
  2 |
  3 | import type { ComponentPropsWithoutRef } from "react";
> 4 | import ReactMarkdown, { type Components } from "react-markdown";
    | ^^^^^^^^^^^^^^^^^^^^^^^^^^^^^^^^^^^^^^^^^^^^^^^^^^^^^^^^^^^^^^^^
  5 | import remarkGfm from "remark-gfm";
  6 |
  7 | type MarkdownMessageProps = {

Import traces:
  Client Component Browser:
    ./components/chat/markdown-message.tsx [Client Component Browser]
    ./components/chat/chat-shell.tsx [Client Component Browser]
    ./components/chat/chat-shell.tsx [Server Component]
    ./app/(app)/chat/page.tsx [Server Component]

  Client Component SSR:
    ./components/chat/markdown-message.tsx [Client Component SSR]
    ./components/chat/chat-shell.tsx [Client Component SSR]
    ./components/chat/chat-shell.tsx [Server Component]
    ./app/(app)/chat/page.tsx [Server Component]

https://nextjs.org/docs/messages/module-not-found 
[browser] ./components/chat/markdown-message.tsx:5:1
Module not found: Can't resolve 'remark-gfm'
  3 | import type { ComponentPropsWithoutRef } from "react";
  4 | import ReactMarkdown, { type Components } from "react-markdown";
> 5 | import remarkGfm from "remark-gfm";
    | ^^^^^^^^^^^^^^^^^^^^^^^^^^^^^^^^^^^
  6 |
  7 | type MarkdownMessageProps = {
  8 |   text: string;

Import traces:
  Client Component Browser:
    ./components/chat/markdown-message.tsx [Client Component Browser]
    ./components/chat/chat-shell.tsx [Client Component Browser]
    ./components/chat/chat-shell.tsx [Server Component]
    ./app/(app)/chat/page.tsx [Server Component]

  Client Component SSR:
    ./components/chat/markdown-message.tsx [Client Component SSR]
    ./components/chat/chat-shell.tsx [Client Component SSR]
    ./components/chat/chat-shell.tsx [Server Component]
    ./app/(app)/chat/page.tsx [Server Component]

https://nextjs.org/docs/messages/module-not-found 
[browser] Uncaught Error: ./components/chat/markdown-message.tsx:4:1
Module not found: Can't resolve 'react-markdown'
  2 |
  3 | import type { ComponentPropsWithoutRef } from "react";
> 4 | import ReactMarkdown, { type Components } from "react-markdown";
    | ^^^^^^^^^^^^^^^^^^^^^^^^^^^^^^^^^^^^^^^^^^^^^^^^^^^^^^^^^^^^^^^^
  5 | import remarkGfm from "remark-gfm";
  6 |
  7 | type MarkdownMessageProps = {



Import traces:
  Client Component Browser:
    ./components/chat/markdown-message.tsx [Client Component Browser]
    ./components/chat/chat-shell.tsx [Client Component Browser]
    ./components/chat/chat-shell.tsx [Server Component]
    ./app/(app)/chat/page.tsx [Server Component]

  Client Component SSR:
    ./components/chat/markdown-message.tsx [Client Component SSR]
    ./components/chat/chat-shell.tsx [Client Component SSR]
    ./components/chat/chat-shell.tsx [Server Component]
    ./app/(app)/chat/page.tsx [Server Component]

https://nextjs.org/docs/messages/module-not-found


    at <unknown> (Error: ./components/chat/markdown-message.tsx:4:1)
    at <unknown> (https://nextjs.org/docs/messages/module-not-found)
    at <unknown> (Error: (./components/chat/markdown-message.tsx:4:1)
    at <unknown> (https://nextjs.org/docs/messages/module-not-found)
[browser] ./components/chat/markdown-message.tsx:4:1
Module not found: Can't resolve 'react-markdown'
  2 |
  3 | import type { ComponentPropsWithoutRef } from "react";
> 4 | import ReactMarkdown, { type Components } from "react-markdown";
    | ^^^^^^^^^^^^^^^^^^^^^^^^^^^^^^^^^^^^^^^^^^^^^^^^^^^^^^^^^^^^^^^^
  5 | import remarkGfm from "remark-gfm";
  6 |
  7 | type MarkdownMessageProps = {

Import traces:
  Client Component Browser:
    ./components/chat/markdown-message.tsx [Client Component Browser]
    ./components/chat/chat-shell.tsx [Client Component Browser]
    ./components/chat/chat-shell.tsx [Server Component]
    ./app/(app)/chat/page.tsx [Server Component]

  Client Component SSR:
    ./components/chat/markdown-message.tsx [Client Component SSR]
    ./components/chat/chat-shell.tsx [Client Component SSR]
    ./components/chat/chat-shell.tsx [Server Component]
    ./app/(app)/chat/page.tsx [Server Component]

https://nextjs.org/docs/messages/module-not-found 
[browser] ./components/chat/markdown-message.tsx:5:1
Module not found: Can't resolve 'remark-gfm'
  3 | import type { ComponentPropsWithoutRef } from "react";
  4 | import ReactMarkdown, { type Components } from "react-markdown";
> 5 | import remarkGfm from "remark-gfm";
    | ^^^^^^^^^^^^^^^^^^^^^^^^^^^^^^^^^^^
  6 |
  7 | type MarkdownMessageProps = {
  8 |   text: string;

Import traces:
  Client Component Browser:
    ./components/chat/markdown-message.tsx [Client Component Browser]
    ./components/chat/chat-shell.tsx [Client Component Browser]
    ./components/chat/chat-shell.tsx [Server Component]
    ./app/(app)/chat/page.tsx [Server Component]

  Client Component SSR:
    ./components/chat/markdown-message.tsx [Client Component SSR]
    ./components/chat/chat-shell.tsx [Client Component SSR]
    ./components/chat/chat-shell.tsx [Server Component]
    ./app/(app)/chat/page.tsx [Server Component]

https://nextjs.org/docs/messages/module-not-found 
[browser] ./components/chat/markdown-message.tsx:4:1
Module not found: Can't resolve 'react-markdown'
  2 |
  3 | import type { ComponentPropsWithoutRef } from "react";
> 4 | import ReactMarkdown, { type Components } from "react-markdown";
    | ^^^^^^^^^^^^^^^^^^^^^^^^^^^^^^^^^^^^^^^^^^^^^^^^^^^^^^^^^^^^^^^^
  5 | import remarkGfm from "remark-gfm";
  6 |
  7 | type MarkdownMessageProps = {

Import traces:
  Client Component Browser:
    ./components/chat/markdown-message.tsx [Client Component Browser]
    ./components/chat/chat-shell.tsx [Client Component Browser]
    ./components/chat/chat-shell.tsx [Server Component]
    ./app/(app)/chat/page.tsx [Server Component]

  Client Component SSR:
    ./components/chat/markdown-message.tsx [Client Component SSR]
    ./components/chat/chat-shell.tsx [Client Component SSR]
    ./components/chat/chat-shell.tsx [Server Component]
    ./app/(app)/chat/page.tsx [Server Component]

https://nextjs.org/docs/messages/module-not-found 
[browser] ./components/chat/markdown-message.tsx:5:1
Module not found: Can't resolve 'remark-gfm'
  3 | import type { ComponentPropsWithoutRef } from "react";
  4 | import ReactMarkdown, { type Components } from "react-markdown";
> 5 | import remarkGfm from "remark-gfm";
    | ^^^^^^^^^^^^^^^^^^^^^^^^^^^^^^^^^^^
  6 |
  7 | type MarkdownMessageProps = {
  8 |   text: string;

Import traces:
  Client Component Browser:
    ./components/chat/markdown-message.tsx [Client Component Browser]
    ./components/chat/chat-shell.tsx [Client Component Browser]
    ./components/chat/chat-shell.tsx [Server Component]
    ./app/(app)/chat/page.tsx [Server Component]

  Client Component SSR:
    ./components/chat/markdown-message.tsx [Client Component SSR]
    ./components/chat/chat-shell.tsx [Client Component SSR]
    ./components/chat/chat-shell.tsx [Server Component]
    ./app/(app)/chat/page.tsx [Server Component]

https://nextjs.org/docs/messages/module-not-found 
[browser] Uncaught Error: ./components/chat/markdown-message.tsx:4:1
Module not found: Can't resolve 'react-markdown'
  2 |
  3 | import type { ComponentPropsWithoutRef } from "react";
> 4 | import ReactMarkdown, { type Components } from "react-markdown";
    | ^^^^^^^^^^^^^^^^^^^^^^^^^^^^^^^^^^^^^^^^^^^^^^^^^^^^^^^^^^^^^^^^
  5 | import remarkGfm from "remark-gfm";
  6 |
  7 | type MarkdownMessageProps = {



Import traces:
  Client Component Browser:
    ./components/chat/markdown-message.tsx [Client Component Browser]
    ./components/chat/chat-shell.tsx [Client Component Browser]
    ./components/chat/chat-shell.tsx [Server Component]
    ./app/(app)/chat/page.tsx [Server Component]

  Client Component SSR:
    ./components/chat/markdown-message.tsx [Client Component SSR]
    ./components/chat/chat-shell.tsx [Client Component SSR]
    ./components/chat/chat-shell.tsx [Server Component]
    ./app/(app)/chat/page.tsx [Server Component]

https://nextjs.org/docs/messages/module-not-found


    at <unknown> (Error: ./components/chat/markdown-message.tsx:4:1)
    at <unknown> (https://nextjs.org/docs/messages/module-not-found)
    at <unknown> (Error: (./components/chat/markdown-message.tsx:4:1)
    at <unknown> (https://nextjs.org/docs/messages/module-not-found)
[browser] ./components/chat/markdown-message.tsx:4:1
Module not found: Can't resolve 'react-markdown'
  2 |
  3 | import type { ComponentPropsWithoutRef } from "react";
> 4 | import ReactMarkdown, { type Components } from "react-markdown";
    | ^^^^^^^^^^^^^^^^^^^^^^^^^^^^^^^^^^^^^^^^^^^^^^^^^^^^^^^^^^^^^^^^
  5 | import remarkGfm from "remark-gfm";
  6 |
  7 | type MarkdownMessageProps = {

Import traces:
  Client Component Browser:
    ./components/chat/markdown-message.tsx [Client Component Browser]
    ./components/chat/chat-shell.tsx [Client Component Browser]
    ./components/chat/chat-shell.tsx [Server Component]
    ./app/(app)/chat/page.tsx [Server Component]

  Client Component SSR:
    ./components/chat/markdown-message.tsx [Client Component SSR]
    ./components/chat/chat-shell.tsx [Client Component SSR]
    ./components/chat/chat-shell.tsx [Server Component]
    ./app/(app)/chat/page.tsx [Server Component]

https://nextjs.org/docs/messages/module-not-found 
[browser] ./components/chat/markdown-message.tsx:5:1
Module not found: Can't resolve 'remark-gfm'
  3 | import type { ComponentPropsWithoutRef } from "react";
  4 | import ReactMarkdown, { type Components } from "react-markdown";
> 5 | import remarkGfm from "remark-gfm";
    | ^^^^^^^^^^^^^^^^^^^^^^^^^^^^^^^^^^^
  6 |
  7 | type MarkdownMessageProps = {
  8 |   text: string;

Import traces:
  Client Component Browser:
    ./components/chat/markdown-message.tsx [Client Component Browser]
    ./components/chat/chat-shell.tsx [Client Component Browser]
    ./components/chat/chat-shell.tsx [Server Component]
    ./app/(app)/chat/page.tsx [Server Component]

  Client Component SSR:
    ./components/chat/markdown-message.tsx [Client Component SSR]
    ./components/chat/chat-shell.tsx [Client Component SSR]
    ./components/chat/chat-shell.tsx [Server Component]
    ./app/(app)/chat/page.tsx [Server Component]

https://nextjs.org/docs/messages/module-not-found 
[browser] ./components/chat/markdown-message.tsx:4:1
Module not found: Can't resolve 'react-markdown'
  2 |
  3 | import type { ComponentPropsWithoutRef } from "react";
> 4 | import ReactMarkdown, { type Components } from "react-markdown";
    | ^^^^^^^^^^^^^^^^^^^^^^^^^^^^^^^^^^^^^^^^^^^^^^^^^^^^^^^^^^^^^^^^
  5 | import remarkGfm from "remark-gfm";
  6 |
  7 | type MarkdownMessageProps = {

Import traces:
  Client Component Browser:
    ./components/chat/markdown-message.tsx [Client Component Browser]
    ./components/chat/chat-shell.tsx [Client Component Browser]
    ./components/chat/chat-shell.tsx [Server Component]
    ./app/(app)/chat/page.tsx [Server Component]

  Client Component SSR:
    ./components/chat/markdown-message.tsx [Client Component SSR]
    ./components/chat/chat-shell.tsx [Client Component SSR]
    ./components/chat/chat-shell.tsx [Server Component]
    ./app/(app)/chat/page.tsx [Server Component]

https://nextjs.org/docs/messages/module-not-found 
[browser] ./components/chat/markdown-message.tsx:5:1
Module not found: Can't resolve 'remark-gfm'
  3 | import type { ComponentPropsWithoutRef } from "react";
  4 | import ReactMarkdown, { type Components } from "react-markdown";
> 5 | import remarkGfm from "remark-gfm";
    | ^^^^^^^^^^^^^^^^^^^^^^^^^^^^^^^^^^^
  6 |
  7 | type MarkdownMessageProps = {
  8 |   text: string;

Import traces:
  Client Component Browser:
    ./components/chat/markdown-message.tsx [Client Component Browser]
    ./components/chat/chat-shell.tsx [Client Component Browser]
    ./components/chat/chat-shell.tsx [Server Component]
    ./app/(app)/chat/page.tsx [Server Component]

  Client Component SSR:
    ./components/chat/markdown-message.tsx [Client Component SSR]
    ./components/chat/chat-shell.tsx [Client Component SSR]
    ./components/chat/chat-shell.tsx [Server Component]
    ./app/(app)/chat/page.tsx [Server Component]

https://nextjs.org/docs/messages/module-not-found 
[browser] Uncaught Error: ./components/chat/markdown-message.tsx:4:1
Module not found: Can't resolve 'react-markdown'
  2 |
  3 | import type { ComponentPropsWithoutRef } from "react";
> 4 | import ReactMarkdown, { type Components } from "react-markdown";
    | ^^^^^^^^^^^^^^^^^^^^^^^^^^^^^^^^^^^^^^^^^^^^^^^^^^^^^^^^^^^^^^^^
  5 | import remarkGfm from "remark-gfm";
  6 |
  7 | type MarkdownMessageProps = {



Import traces:
  Client Component Browser:
    ./components/chat/markdown-message.tsx [Client Component Browser]
    ./components/chat/chat-shell.tsx [Client Component Browser]
    ./components/chat/chat-shell.tsx [Server Component]
    ./app/(app)/chat/page.tsx [Server Component]

  Client Component SSR:
    ./components/chat/markdown-message.tsx [Client Component SSR]
    ./components/chat/chat-shell.tsx [Client Component SSR]
    ./components/chat/chat-shell.tsx [Server Component]
    ./app/(app)/chat/page.tsx [Server Component]

https://nextjs.org/docs/messages/module-not-found


    at <unknown> (Error: ./components/chat/markdown-message.tsx:4:1)
    at <unknown> (https://nextjs.org/docs/messages/module-not-found)
    at <unknown> (Error: (./components/chat/markdown-message.tsx:4:1)
    at <unknown> (https://nextjs.org/docs/messages/module-not-found)
[browser] ./components/chat/markdown-message.tsx:4:1
Module not found: Can't resolve 'react-markdown'
  2 |
  3 | import type { ComponentPropsWithoutRef } from "react";
> 4 | import ReactMarkdown, { type Components } from "react-markdown";
    | ^^^^^^^^^^^^^^^^^^^^^^^^^^^^^^^^^^^^^^^^^^^^^^^^^^^^^^^^^^^^^^^^
  5 | import remarkGfm from "remark-gfm";
  6 |
  7 | type MarkdownMessageProps = {

Import traces:
  Client Component Browser:
    ./components/chat/markdown-message.tsx [Client Component Browser]
    ./components/chat/chat-shell.tsx [Client Component Browser]
    ./components/chat/chat-shell.tsx [Server Component]
    ./app/(app)/chat/page.tsx [Server Component]

  Client Component SSR:
    ./components/chat/markdown-message.tsx [Client Component SSR]
    ./components/chat/chat-shell.tsx [Client Component SSR]
    ./components/chat/chat-shell.tsx [Server Component]
    ./app/(app)/chat/page.tsx [Server Component]

https://nextjs.org/docs/messages/module-not-found 
[browser] ./components/chat/markdown-message.tsx:5:1
Module not found: Can't resolve 'remark-gfm'
  3 | import type { ComponentPropsWithoutRef } from "react";
  4 | import ReactMarkdown, { type Components } from "react-markdown";
> 5 | import remarkGfm from "remark-gfm";
    | ^^^^^^^^^^^^^^^^^^^^^^^^^^^^^^^^^^^
  6 |
  7 | type MarkdownMessageProps = {
  8 |   text: string;

Import traces:
  Client Component Browser:
    ./components/chat/markdown-message.tsx [Client Component Browser]
    ./components/chat/chat-shell.tsx [Client Component Browser]
    ./components/chat/chat-shell.tsx [Server Component]
    ./app/(app)/chat/page.tsx [Server Component]

  Client Component SSR:
    ./components/chat/markdown-message.tsx [Client Component SSR]
    ./components/chat/chat-shell.tsx [Client Component SSR]
    ./components/chat/chat-shell.tsx [Server Component]
    ./app/(app)/chat/page.tsx [Server Component]

https://nextjs.org/docs/messages/module-not-found 
[browser] ./components/chat/markdown-message.tsx:4:1
Module not found: Can't resolve 'react-markdown'
  2 |
  3 | import type { ComponentPropsWithoutRef } from "react";
> 4 | import ReactMarkdown, { type Components } from "react-markdown";
    | ^^^^^^^^^^^^^^^^^^^^^^^^^^^^^^^^^^^^^^^^^^^^^^^^^^^^^^^^^^^^^^^^
  5 | import remarkGfm from "remark-gfm";
  6 |
  7 | type MarkdownMessageProps = {

Import traces:
  Client Component Browser:
    ./components/chat/markdown-message.tsx [Client Component Browser]
    ./components/chat/chat-shell.tsx [Client Component Browser]
    ./components/chat/chat-shell.tsx [Server Component]
    ./app/(app)/chat/page.tsx [Server Component]

  Client Component SSR:
    ./components/chat/markdown-message.tsx [Client Component SSR]
    ./components/chat/chat-shell.tsx [Client Component SSR]
    ./components/chat/chat-shell.tsx [Server Component]
    ./app/(app)/chat/page.tsx [Server Component]

https://nextjs.org/docs/messages/module-not-found 
[browser] ./components/chat/markdown-message.tsx:5:1
Module not found: Can't resolve 'remark-gfm'
  3 | import type { ComponentPropsWithoutRef } from "react";
  4 | import ReactMarkdown, { type Components } from "react-markdown";
> 5 | import remarkGfm from "remark-gfm";
    | ^^^^^^^^^^^^^^^^^^^^^^^^^^^^^^^^^^^
  6 |
  7 | type MarkdownMessageProps = {
  8 |   text: string;

Import traces:
  Client Component Browser:
    ./components/chat/markdown-message.tsx [Client Component Browser]
    ./components/chat/chat-shell.tsx [Client Component Browser]
    ./components/chat/chat-shell.tsx [Server Component]
    ./app/(app)/chat/page.tsx [Server Component]

  Client Component SSR:
    ./components/chat/markdown-message.tsx [Client Component SSR]
    ./components/chat/chat-shell.tsx [Client Component SSR]
    ./components/chat/chat-shell.tsx [Server Component]
    ./app/(app)/chat/page.tsx [Server Component]

https://nextjs.org/docs/messages/module-not-found 
[browser] Uncaught Error: ./components/chat/markdown-message.tsx:4:1
Module not found: Can't resolve 'react-markdown'
  2 |
  3 | import type { ComponentPropsWithoutRef } from "react";
> 4 | import ReactMarkdown, { type Components } from "react-markdown";
    | ^^^^^^^^^^^^^^^^^^^^^^^^^^^^^^^^^^^^^^^^^^^^^^^^^^^^^^^^^^^^^^^^
  5 | import remarkGfm from "remark-gfm";
  6 |
  7 | type MarkdownMessageProps = {



Import traces:
  Client Component Browser:
    ./components/chat/markdown-message.tsx [Client Component Browser]
    ./components/chat/chat-shell.tsx [Client Component Browser]
    ./components/chat/chat-shell.tsx [Server Component]
    ./app/(app)/chat/page.tsx [Server Component]

  Client Component SSR:
    ./components/chat/markdown-message.tsx [Client Component SSR]
    ./components/chat/chat-shell.tsx [Client Component SSR]
    ./components/chat/chat-shell.tsx [Server Component]
    ./app/(app)/chat/page.tsx [Server Component]

https://nextjs.org/docs/messages/module-not-found


    at <unknown> (Error: ./components/chat/markdown-message.tsx:4:1)
    at <unknown> (https://nextjs.org/docs/messages/module-not-found)
    at <unknown> (Error: (./components/chat/markdown-message.tsx:4:1)
    at <unknown> (https://nextjs.org/docs/messages/module-not-found)
[browser] ./components/chat/markdown-message.tsx:4:1
Module not found: Can't resolve 'react-markdown'
  2 |
  3 | import type { ComponentPropsWithoutRef } from "react";
> 4 | import ReactMarkdown, { type Components } from "react-markdown";
    | ^^^^^^^^^^^^^^^^^^^^^^^^^^^^^^^^^^^^^^^^^^^^^^^^^^^^^^^^^^^^^^^^
  5 | import remarkGfm from "remark-gfm";
  6 |
  7 | type MarkdownMessageProps = {

Import traces:
  Client Component Browser:
    ./components/chat/markdown-message.tsx [Client Component Browser]
    ./components/chat/chat-shell.tsx [Client Component Browser]
    ./components/chat/chat-shell.tsx [Server Component]
    ./app/(app)/chat/page.tsx [Server Component]

  Client Component SSR:
    ./components/chat/markdown-message.tsx [Client Component SSR]
    ./components/chat/chat-shell.tsx [Client Component SSR]
    ./components/chat/chat-shell.tsx [Server Component]
    ./app/(app)/chat/page.tsx [Server Component]

https://nextjs.org/docs/messages/module-not-found 
[browser] ./components/chat/markdown-message.tsx:5:1
Module not found: Can't resolve 'remark-gfm'
  3 | import type { ComponentPropsWithoutRef } from "react";
  4 | import ReactMarkdown, { type Components } from "react-markdown";
> 5 | import remarkGfm from "remark-gfm";
    | ^^^^^^^^^^^^^^^^^^^^^^^^^^^^^^^^^^^
  6 |
  7 | type MarkdownMessageProps = {
  8 |   text: string;

Import traces:
  Client Component Browser:
    ./components/chat/markdown-message.tsx [Client Component Browser]
    ./components/chat/chat-shell.tsx [Client Component Browser]
    ./components/chat/chat-shell.tsx [Server Component]
    ./app/(app)/chat/page.tsx [Server Component]

  Client Component SSR:
    ./components/chat/markdown-message.tsx [Client Component SSR]
    ./components/chat/chat-shell.tsx [Client Component SSR]
    ./components/chat/chat-shell.tsx [Server Component]
    ./app/(app)/chat/page.tsx [Server Component]

https://nextjs.org/docs/messages/module-not-found 
[browser] ./components/chat/markdown-message.tsx:4:1
Module not found: Can't resolve 'react-markdown'
  2 |
  3 | import type { ComponentPropsWithoutRef } from "react";
> 4 | import ReactMarkdown, { type Components } from "react-markdown";
    | ^^^^^^^^^^^^^^^^^^^^^^^^^^^^^^^^^^^^^^^^^^^^^^^^^^^^^^^^^^^^^^^^
  5 | import remarkGfm from "remark-gfm";
  6 |
  7 | type MarkdownMessageProps = {

Import traces:
  Client Component Browser:
    ./components/chat/markdown-message.tsx [Client Component Browser]
    ./components/chat/chat-shell.tsx [Client Component Browser]
    ./components/chat/chat-shell.tsx [Server Component]
    ./app/(app)/chat/page.tsx [Server Component]

  Client Component SSR:
    ./components/chat/markdown-message.tsx [Client Component SSR]
    ./components/chat/chat-shell.tsx [Client Component SSR]
    ./components/chat/chat-shell.tsx [Server Component]
    ./app/(app)/chat/page.tsx [Server Component]

https://nextjs.org/docs/messages/module-not-found 
[browser] ./components/chat/markdown-message.tsx:5:1
Module not found: Can't resolve 'remark-gfm'
  3 | import type { ComponentPropsWithoutRef } from "react";
  4 | import ReactMarkdown, { type Components } from "react-markdown";
> 5 | import remarkGfm from "remark-gfm";
    | ^^^^^^^^^^^^^^^^^^^^^^^^^^^^^^^^^^^
  6 |
  7 | type MarkdownMessageProps = {
  8 |   text: string;

Import traces:
  Client Component Browser:
    ./components/chat/markdown-message.tsx [Client Component Browser]
    ./components/chat/chat-shell.tsx [Client Component Browser]
    ./components/chat/chat-shell.tsx [Server Component]
    ./app/(app)/chat/page.tsx [Server Component]

  Client Component SSR:
    ./components/chat/markdown-message.tsx [Client Component SSR]
    ./components/chat/chat-shell.tsx [Client Component SSR]
    ./components/chat/chat-shell.tsx [Server Component]
    ./app/(app)/chat/page.tsx [Server Component]

https://nextjs.org/docs/messages/module-not-found 
