▲ Next.js 16.2.6 (Turbopack)
- Local:         http://localhost:3000
- Network:       http://118.32.150.169:3000
✓ Ready in 912ms

 GET / 200 in 306ms (next.js: 166ms, application-code: 140ms)
 GET / 200 in 34ms (next.js: 3ms, application-code: 31ms)
 GET / 200 in 32ms (next.js: 4ms, application-code: 29ms)
 GET /feed?categories=issue%2Cpolicy 200 in 219ms (next.js: 28ms, application-code: 191ms)
 GET /feed?categories=tech%2Cpolicy&refresh=1 200 in 221ms (next.js: 48ms, application-code: 174ms)
 GET /feed 200 in 178ms (next.js: 12ms, application-code: 166ms)
 GET /onboarding/category 200 in 182ms (next.js: 73ms, application-code: 109ms)
 GET /feed?categories=tech%2Cpolicy 200 in 235ms (next.js: 127ms, application-code: 108ms)
 GET /report/2026-05-12 200 in 557ms (next.js: 505ms, application-code: 52ms)
 GET / 200 in 53ms (next.js: 5ms, application-code: 48ms)
 GET / 200 in 59ms (next.js: 26ms, application-code: 33ms)
 GET /feed?categories=issue%2Cpolicy 200 in 175ms (next.js: 4ms, application-code: 171ms)
 GET /feed?categories=tech%2Cpolicy&refresh=1 200 in 177ms (next.js: 17ms, application-code: 161ms)
 GET /feed?categories=tech%2Cpolicy 200 in 179ms (next.js: 29ms, application-code: 150ms)
 GET /onboarding/category 200 in 184ms (next.js: 99ms, application-code: 85ms)
 GET /feed 200 in 186ms (next.js: 112ms, application-code: 74ms)
 GET /report/2026-05-12 200 in 50ms (next.js: 12ms, application-code: 38ms)
 GET /onboarding/category 200 in 19ms (next.js: 4ms, application-code: 16ms)
 GET /feed?categories=tech%2Cissue&refresh=1 200 in 20ms (next.js: 3ms, application-code: 17ms)
 GET /articles/6666a800b0fb1cd5 200 in 669ms (next.js: 642ms, application-code: 27ms)
 GET /feed 200 in 21ms (next.js: 4ms, application-code: 17ms)
 GET /report/2026-05-14 200 in 27ms (next.js: 10ms, application-code: 17ms)
 GET /feed 200 in 15ms (next.js: 3ms, application-code: 12ms)
 GET /report/2026-05-14 200 in 35ms (next.js: 14ms, application-code: 21ms)
 GET /chat 500 in 386ms (next.js: 248ms, application-code: 138ms)
 GET /chat 500 in 15ms (next.js: 7ms, application-code: 8ms)
 GET /report/2026-05-14 500 in 19ms (next.js: 9ms, application-code: 10ms)
 GET /feed 500 in 13ms (next.js: 6ms, application-code: 7ms)
 GET /report/2026-05-14 500 in 13ms (next.js: 6ms, application-code: 7ms)
 GET /feed 500 in 15ms (next.js: 6ms, application-code: 9ms)
 GET /report/2026-05-14 500 in 15ms (next.js: 7ms, application-code: 8ms)
 GET /feed 500 in 15ms (next.js: 7ms, application-code: 9ms)
 GET /articles/6666a800b0fb1cd5 500 in 13ms (next.js: 6ms, application-code: 7ms)
 GET /feed?categories=tech%2Cissue 500 in 16ms (next.js: 8ms, application-code: 8ms)
 GET /feed 500 in 14ms (next.js: 6ms, application-code: 7ms)
 GET / 500 in 16ms (next.js: 7ms, application-code: 9ms)
 GET / 500 in 13ms (next.js: 6ms, application-code: 7ms)
 GET / 500 in 16ms (next.js: 8ms, application-code: 8ms)
 GET / 500 in 14ms (next.js: 7ms, application-code: 7ms)
 GET / 500 in 15ms (next.js: 6ms, application-code: 9ms)
 GET / 500 in 18ms (next.js: 8ms, application-code: 11ms)
 GET / 500 in 23ms (next.js: 10ms, application-code: 13ms)
